Archive member included to satisfy reference by file (symbol)

.\CortexM3\ARM_GCC_541\Debug\RTE_Electronic_Clock.a(SEVEN_DP.o)
                              .\CortexM3\ARM_GCC_541\Debug\seven.o (SEVEN_DP_Write)
.\CortexM3\ARM_GCC_541\Debug\RTE_Electronic_Clock.a(SEVEN_SELECT.o)
                              .\CortexM3\ARM_GCC_541\Debug\seven.o (SEVEN_SELECT_Write)
.\CortexM3\ARM_GCC_541\Debug\RTE_Electronic_Clock.a(SEVEN_reg.o)
                              .\CortexM3\ARM_GCC_541\Debug\seven.o (SEVEN_reg_Write)
.\CortexM3\ARM_GCC_541\Debug\RTE_Electronic_Clock.a(BUTTON_1.o)
                              .\CortexM3\ARM_GCC_541\Debug\button.o (BUTTON_1_Read)
.\CortexM3\ARM_GCC_541\Debug\RTE_Electronic_Clock.a(isr_Button.o)
                              .\CortexM3\ARM_GCC_541\Debug\button.o (isr_Button_StartEx)
.\CortexM3\ARM_GCC_541\Debug\RTE_Electronic_Clock.a(BUTTON_2.o)
                              .\CortexM3\ARM_GCC_541\Debug\button.o (BUTTON_2_Read)
.\CortexM3\ARM_GCC_541\Debug\RTE_Electronic_Clock.a(BUTTON_3.o)
                              .\CortexM3\ARM_GCC_541\Debug\button.o (BUTTON_3_Read)
.\CortexM3\ARM_GCC_541\Debug\RTE_Electronic_Clock.a(BUTTON_4.o)
                              .\CortexM3\ARM_GCC_541\Debug\button.o (BUTTON_4_Read)
.\CortexM3\ARM_GCC_541\Debug\RTE_Electronic_Clock.a(LED_red.o)
                              .\CortexM3\ARM_GCC_541\Debug\led.o (LED_red_Write)
.\CortexM3\ARM_GCC_541\Debug\RTE_Electronic_Clock.a(LED_yellow.o)
                              .\CortexM3\ARM_GCC_541\Debug\led.o (LED_yellow_Write)
.\CortexM3\ARM_GCC_541\Debug\RTE_Electronic_Clock.a(LED_green.o)
                              .\CortexM3\ARM_GCC_541\Debug\led.o (LED_green_Write)
.\CortexM3\ARM_GCC_541\Debug\RTE_Electronic_Clock.a(UART_LOG.o)
                              .\CortexM3\ARM_GCC_541\Debug\logging.o (UART_LOG_Start)
.\CortexM3\ARM_GCC_541\Debug\RTE_Electronic_Clock.a(RGB_PWM_red.o)
                              .\CortexM3\ARM_GCC_541\Debug\led.o (RGB_PWM_red_WriteCompare)
.\CortexM3\ARM_GCC_541\Debug\RTE_Electronic_Clock.a(PWM_Clock.o)
                              .\CortexM3\ARM_GCC_541\Debug\pwm_type.o (PWM_Clock_Start)
.\CortexM3\ARM_GCC_541\Debug\RTE_Electronic_Clock.a(RGB_PWM_green.o)
                              .\CortexM3\ARM_GCC_541\Debug\led.o (RGB_PWM_green_WriteCompare)
.\CortexM3\ARM_GCC_541\Debug\RTE_Electronic_Clock.a(RGB_PWM_blue.o)
                              .\CortexM3\ARM_GCC_541\Debug\led.o (RGB_PWM_blue_WriteCompare)
.\CortexM3\ARM_GCC_541\Debug\RTE_Electronic_Clock.a(ErikaOS_1_ee_activate.o)
                              .\CortexM3\ARM_GCC_541\Debug\main.o (EE_oo_ActivateTask)
.\CortexM3\ARM_GCC_541\Debug\RTE_Electronic_Clock.a(ErikaOS_1_ee_alsetrel.o)
                              .\CortexM3\ARM_GCC_541\Debug\main.o (EE_oo_SetRelAlarm)
.\CortexM3\ARM_GCC_541\Debug\RTE_Electronic_Clock.a(ErikaOS_1_ee_altick.o)
                              .\CortexM3\ARM_GCC_541\Debug\RTE_Electronic_Clock.a(ErikaOS_1_ee_alsetrel.o) (EE_oo_counter_object_insert)
.\CortexM3\ARM_GCC_541\Debug\RTE_Electronic_Clock.a(ErikaOS_1_ee_evclear.o)
                              .\CortexM3\ARM_GCC_541\Debug\main.o (EE_oo_ClearEvent)
.\CortexM3\ARM_GCC_541\Debug\RTE_Electronic_Clock.a(ErikaOS_1_ee_evget.o)
                              .\CortexM3\ARM_GCC_541\Debug\main.o (EE_oo_GetEvent)
.\CortexM3\ARM_GCC_541\Debug\RTE_Electronic_Clock.a(ErikaOS_1_ee_evset.o)
                              .\CortexM3\ARM_GCC_541\Debug\swc_control.o (EE_oo_SetEvent)
.\CortexM3\ARM_GCC_541\Debug\RTE_Electronic_Clock.a(ErikaOS_1_ee_evwait.o)
                              .\CortexM3\ARM_GCC_541\Debug\main.o (EE_oo_WaitEvent)
.\CortexM3\ARM_GCC_541\Debug\RTE_Electronic_Clock.a(ErikaOS_1_ee_irqendin.o)
                              .\CortexM3\ARM_GCC_541\Debug\main.o (EE_IRQ_end_post_stub)
.\CortexM3\ARM_GCC_541\Debug\RTE_Electronic_Clock.a(ErikaOS_1_ee_lookup.o)
                              .\CortexM3\ARM_GCC_541\Debug\RTE_Electronic_Clock.a(ErikaOS_1_ee_irqendin.o) (EE_oo_IRQ_disable_count)
.\CortexM3\ARM_GCC_541\Debug\RTE_Electronic_Clock.a(ErikaOS_1_ee_rq_exchg.o)
                              .\CortexM3\ARM_GCC_541\Debug\RTE_Electronic_Clock.a(ErikaOS_1_ee_activate.o) (EE_rq2stk_exchange)
.\CortexM3\ARM_GCC_541\Debug\RTE_Electronic_Clock.a(ErikaOS_1_ee_rq_first.o)
                              .\CortexM3\ARM_GCC_541\Debug\RTE_Electronic_Clock.a(ErikaOS_1_ee_activate.o) (EE_rq_queryfirst)
.\CortexM3\ARM_GCC_541\Debug\RTE_Electronic_Clock.a(ErikaOS_1_ee_rq_inser.o)
                              .\CortexM3\ARM_GCC_541\Debug\RTE_Electronic_Clock.a(ErikaOS_1_ee_activate.o) (EE_rq_insert)
.\CortexM3\ARM_GCC_541\Debug\RTE_Electronic_Clock.a(ErikaOS_1_ee_shtdown.o)
                              .\CortexM3\ARM_GCC_541\Debug\main.o (EE_oo_ShutdownOS)
.\CortexM3\ARM_GCC_541\Debug\RTE_Electronic_Clock.a(ErikaOS_1_ee_startos.o)
[...]
Memory Configuration

Name             Origin             Length             Attributes
rom              0x00000000         0x00040000         xr
ram              0x1fff8000         0x00010000         xrw
*default*        0x00000000         0xffffffff

Linker script and memory map

LOAD c:/program files (x86)/cypress/psoc creator/4.4/psoc creator/import/gnu/arm/5.4.1/bin/../lib/gcc/arm-none-eabi/5.4.1/armv7-m/crti.o
LOAD c:/program files (x86)/cypress/psoc creator/4.4/psoc creator/import/gnu/arm/5.4.1/bin/../lib/gcc/arm-none-eabi/5.4.1/armv7-m/crtbegin.o
LOAD c:/program files (x86)/cypress/psoc creator/4.4/psoc creator/import/gnu/arm/5.4.1/bin/../lib/gcc/arm-none-eabi/5.4.1/../../../../arm-none-eabi/lib/armv7-m/crt0.o
START GROUP
LOAD .\CortexM3\ARM_GCC_541\Debug\logging.o
LOAD .\CortexM3\ARM_GCC_541\Debug\button.o
LOAD .\CortexM3\ARM_GCC_541\Debug\joystick.o
LOAD .\CortexM3\ARM_GCC_541\Debug\led.o
LOAD .\CortexM3\ARM_GCC_541\Debug\seven.o
LOAD .\CortexM3\ARM_GCC_541\Debug\tft.o
LOAD .\CortexM3\ARM_GCC_541\Debug\ugui_st7735.o
LOAD .\CortexM3\ARM_GCC_541\Debug\ugui.o
LOAD .\CortexM3\ARM_GCC_541\Debug\main.o
LOAD .\CortexM3\ARM_GCC_541\Debug\swc_control.o
LOAD .\CortexM3\ARM_GCC_541\Debug\swc_engine.o
LOAD .\CortexM3\ARM_GCC_541\Debug\swc_joystick.o
LOAD .\CortexM3\ARM_GCC_541\Debug\swc_brakelight.o
LOAD .\CortexM3\ARM_GCC_541\Debug\swc_lcd.o
LOAD .\CortexM3\ARM_GCC_541\Debug\adc_type.o
LOAD .\CortexM3\ARM_GCC_541\Debug\gpio_type.o
LOAD .\CortexM3\ARM_GCC_541\Debug\pwm_type.o
LOAD .\CortexM3\ARM_GCC_541\Debug\rte_activation.o
LOAD .\CortexM3\ARM_GCC_541\Debug\rte_signalpool.o
LOAD .\CortexM3\ARM_GCC_541\Debug\rte.o
LOAD .\CortexM3\ARM_GCC_541\Debug\lcd_type.o
LOAD .\CortexM3\ARM_GCC_541\Debug\watchdog.o
LOAD .\CortexM3\ARM_GCC_541\Debug\cyfitter_cfg.o
LOAD .\CortexM3\ARM_GCC_541\Debug\cymetadata.o
LOAD .\CortexM3\ARM_GCC_541\Debug\Cm3Start.o
LOAD .\CortexM3\ARM_GCC_541\Debug\RTE_Electronic_Clock.a
LOAD C:\Program Files (x86)\Cypress\PSoC Creator\4.4\PSoC Creator\psoc\content\cycomponentlibrary\CyComponentLibrary.cylib\CortexM3\ARM_GCC_541\Debug\CyComponentLibrary.a
END GROUP
START GROUP
LOAD c:/program files (x86)/cypress/psoc creator/4.4/psoc creator/import/gnu/arm/5.4.1/bin/../lib/gcc/arm-none-eabi/5.4.1/armv7-m\libgcc.a
LOAD c:/program files (x86)/cypress/psoc creator/4.4/psoc creator/import/gnu/arm/5.4.1/bin/../lib/gcc/arm-none-eabi/5.4.1/../../../../arm-none-eabi/lib/armv7-m\libg_nano.a
LOAD c:/program files (x86)/cypress/psoc creator/4.4/psoc creator/import/gnu/arm/5.4.1/bin/../lib/gcc/arm-none-eabi/5.4.1/../../../../arm-none-eabi/lib/armv7-m\libc_nano.a
END GROUP
START GROUP
LOAD c:/program files (x86)/cypress/psoc creator/4.4/psoc creator/import/gnu/arm/5.4.1/bin/../lib/gcc/arm-none-eabi/5.4.1/armv7-m\libgcc.a
LOAD c:/program files (x86)/cypress/psoc creator/4.4/psoc creator/import/gnu/arm/5.4.1/bin/../lib/gcc/arm-none-eabi/5.4.1/../../../../arm-none-eabi/lib/armv7-m\libc_nano.a
END GROUP
LOAD c:/program files (x86)/cypress/psoc creator/4.4/psoc creator/import/gnu/arm/5.4.1/bin/../lib/gcc/arm-none-eabi/5.4.1/armv7-m/crtend.o
LOAD c:/program files (x86)/cypress/psoc creator/4.4/psoc creator/import/gnu/arm/5.4.1/bin/../lib/gcc/arm-none-eabi/5.4.1/armv7-m/crtn.o
START GROUP
LOAD c:/program files (x86)/cypress/psoc creator/4.4/psoc creator/import/gnu/arm/5.4.1/bin/../lib/gcc/arm-none-eabi/5.4.1/armv7-m\libgcc.a
LOAD c:/program files (x86)/cypress/psoc creator/4.4/psoc creator/import/gnu/arm/5.4.1/bin/../lib/gcc/arm-none-eabi/5.4.1/../../../../arm-none-eabi/lib/armv7-m\libc.a
LOAD c:/program files (x86)/cypress/psoc creator/4.4/psoc creator/import/gnu/arm/5.4.1/bin/../lib/gcc/arm-none-eabi/5.4.1/../../../../arm-none-eabi/lib/armv7-m\libnosys.a
END GROUP
                0x00000000                CY_APPL_ORIGIN = 0x0
                0x00000100                CY_FLASH_ROW_SIZE = 0x100
                0x00000020                CY_ECC_ROW_SIZE = 0x20
                0x00000000                CY_EE_IN_BTLDR = 0x0
                0x00000000                CY_APPL_LOADABLE = 0x0
                0x00000800                CY_EE_SIZE = 0x800
                0x00000001                CY_APPL_NUM = 0x1
                0x00000001                CY_APPL_MAX = 0x1
                0x00000040                CY_METADATA_SIZE = 0x40
                0x00000000                CY_APPL_LOADABLE = 0x0
                0x00000000                CY_CHECKSUM_EXCLUDE_SIZE = ALIGN (0x0, CY_FLASH_ROW_SIZE)
                [!provide]                PROVIDE (__cy_heap_start, _end)
                0x00000001                PROVIDE (__cy_region_num, ((__cy_regions_end - __cy_regions) / 0x10))
                0x20008000                PROVIDE (__cy_stack, (ORIGIN (ram) + LENGTH (ram)))
                [!provide]                PROVIDE (__cy_heap_end, (__cy_stack - 0x800))

.cybootloader   0x00000000        0x0
 *(.cybootloader)
                0x00000000                appl1_start = CY_APPL_ORIGIN?CY_APPL_ORIGIN:ALIGN (CY_FLASH_ROW_SIZE)
                0x0001ff00                appl2_start = (appl1_start + ALIGN ((((LENGTH (rom) - appl1_start) - (0x2 * CY_FLASH_ROW_SIZE)) / 0x2), CY_FLASH_ROW_SIZE))
                0x00000000                appl_start = (CY_APPL_NUM == 0x1)?appl1_start:appl2_start
                0x00000000                ecc_offset = ((appl_start / CY_FLASH_ROW_SIZE) * CY_ECC_ROW_SIZE)
                0x00000000                ee_offset = (CY_APPL_LOADABLE && ! (CY_EE_IN_BTLDR))?((CY_EE_SIZE / CY_APPL_MAX) * (CY_APPL_NUM - 0x1)):0x0
                0x00000800                ee_size = (CY_APPL_LOADABLE && ! (CY_EE_IN_BTLDR))?(CY_EE_SIZE / CY_APPL_MAX):CY_EE_SIZE
                [!provide]                PROVIDE (CY_ECC_OFFSET, ecc_offset)

.text           0x00000000     0x2310
 CREATE_OBJECT_SYMBOLS
                0x00000000                PROVIDE (__cy_interrupt_vector, RomVectors)
 *(.romvectors)
 .romvectors    0x00000000       0x10 .\CortexM3\ARM_GCC_541\Debug\Cm3Start.o
                0x00000000                RomVectors
                0x00000001                ASSERT ((. != __cy_interrupt_vector), No interrupt vector)
                0x00000001                ASSERT (CY_APPL_ORIGIN?(SIZEOF (.cybootloader) <= CY_APPL_ORIGIN):0x1, Wrong image location)
                0x00000010                PROVIDE (__cy_reset, Reset)
 *(.text.Reset)
 .text.Reset    0x00000010       0x18 .\CortexM3\ARM_GCC_541\Debug\Cm3Start.o
                0x00000010                Reset
                0x00000001                ASSERT ((. != __cy_reset), No reset code)
 *(.dma_init)
                0x00000001                ASSERT ((((appl_start + .) <= 0x10000) || 0x1), DMA Init must be within the first 64k of flash)
 *(.text .text.* .gnu.linkonce.t.*)
 .text          0x00000028       0x5c c:/program files (x86)/cypress/psoc creator/4.4/psoc creator/import/gnu/arm/5.4.1/bin/../lib/gcc/arm-none-eabi/5.4.1/armv7-m/crtbegin.o
 .text.LOG_send
                0x00000084       0x2c .\CortexM3\ARM_GCC_541\Debug\logging.o
                0x00000084                LOG_send
 .text.BUTTON_IsPressed
                0x000000b0       0x54 .\CortexM3\ARM_GCC_541\Debug\button.o
                0x000000b0                BUTTON_IsPressed
 .text.JOYSTICK_ReadPosition
                0x00000104       0x28 .\CortexM3\ARM_GCC_541\Debug\joystick.o
                0x00000104                JOYSTICK_ReadPosition
 .text.LED_Set  0x0000012c       0x60 .\CortexM3\ARM_GCC_541\Debug\led.o
                0x0000012c                LED_Set
 .text.LED_Init
                0x0000018c       0x34 .\CortexM3\ARM_GCC_541\Debug\led.o
                0x0000018c                LED_Init
 .text.LED_Toggle
                0x000001c0       0x84 .\CortexM3\ARM_GCC_541\Debug\led.o
                0x000001c0                LED_Toggle
 .text.UG_FontSelect
                0x00000244       0x1c .\CortexM3\ARM_GCC_541\Debug\ugui.o
                0x00000244                UG_FontSelect
 .text.UG_FillFrame
                0x00000260       0x70 .\CortexM3\ARM_GCC_541\Debug\ugui.o
                0x00000260                UG_FillFrame
 .text.UG_SetForecolor
                0x000002d0       0x10 .\CortexM3\ARM_GCC_541\Debug\ugui.o
                0x000002d0                UG_SetForecolor
 .text.UG_SetBackcolor
                0x000002e0       0x10 .\CortexM3\ARM_GCC_541\Debug\ugui.o
                0x000002e0                UG_SetBackcolor
 .text._UG_PutChar
                0x000002f0      0x33c .\CortexM3\ARM_GCC_541\Debug\ugui.o
                0x000002f0                _UG_PutChar
 .text.UG_PutChar
                0x0000062c       0x20 .\CortexM3\ARM_GCC_541\Debug\ugui.o
                0x0000062c                UG_PutChar
 .text.UG_PutString
                0x0000064c       0x8c .\CortexM3\ARM_GCC_541\Debug\ugui.o
                0x0000064c                UG_PutString
 .text.ISR2_systick_handler
                0x000006d8        0xc .\CortexM3\ARM_GCC_541\Debug\main.o
                0x000006d8                ISR2_systick_handler
 .text.systick_handler
                0x000006e4       0x98 .\CortexM3\ARM_GCC_541\Debug\main.o
                0x000006e4                systick_handler
 .text.main     0x0000077c       0x2c .\CortexM3\ARM_GCC_541\Debug\main.o
                0x0000077c                main
 .text.Functsk_Init
                0x000007a8       0x2c .\CortexM3\ARM_GCC_541\Debug\main.o
                0x000007a8                Functsk_Init
 .text.Functsk_Background
                0x000007d4        0x4 .\CortexM3\ARM_GCC_541\Debug\main.o
                0x000007d4                Functsk_Background
 .text.Functsk_CyclicDispatcher
                0x000007d8       0x1c .\CortexM3\ARM_GCC_541\Debug\main.o
                0x000007d8                Functsk_CyclicDispatcher
 .text.Functsk_EventDispatcher
                0x000007f4       0x34 .\CortexM3\ARM_GCC_541\Debug\main.o
                0x000007f4                Functsk_EventDispatcher
 .text.ISR2_isr_Button
                0x00000828       0x58 .\CortexM3\ARM_GCC_541\Debug\main.o
                0x00000828                ISR2_isr_Button
 .text.isr_Button
                0x00000880       0x98 .\CortexM3\ARM_GCC_541\Debug\main.o
                0x00000880                isr_Button
 .text.run_calculateControl
                0x00000918       0xb4 .\CortexM3\ARM_GCC_541\Debug\swc_control.o
                0x00000918                run_calculateControl
 .text.run_setEngine
                0x000009cc       0x28 .\CortexM3\ARM_GCC_541\Debug\swc_engine.o
                0x000009cc                run_setEngine
 .text.run_readJoystick
                0x000009f4       0x5c .\CortexM3\ARM_GCC_541\Debug\swc_joystick.o
                0x000009f4                run_readJoystick
 .text.run_setBrakeLight
                0x00000a50       0x28 .\CortexM3\ARM_GCC_541\Debug\swc_brakelight.o
                0x00000a50                run_setBrakeLight
 .text.run_setLcd
                0x00000a78       0x28 .\CortexM3\ARM_GCC_541\Debug\swc_lcd.o
                0x00000a78                run_setLcd
 .text.ADC_driverIn
                0x00000aa0       0x4c .\CortexM3\ARM_GCC_541\Debug\adc_type.o
                0x00000aa0                ADC_driverIn
 .text.GPIO_driverOut
                0x00000aec       0x10 .\CortexM3\ARM_GCC_541\Debug\gpio_type.o
                0x00000aec                GPIO_driverOut
 .text.PWM_driverOut
                0x00000afc       0x18 .\CortexM3\ARM_GCC_541\Debug\pwm_type.o
                0x00000afc                PWM_driverOut
 .text.RTE_timertick
                0x00000b14       0x48 .\CortexM3\ARM_GCC_541\Debug\rte_signalpool.o
                0x00000b14                RTE_timertick
 .text.RTE_ProcessCyclicTable
                0x00000b5c       0x5c .\CortexM3\ARM_GCC_541\Debug\rte.o
                0x00000b5c                RTE_ProcessCyclicTable
 .text.RTE_ProcessEventTable
                0x00000bb8       0x28 .\CortexM3\ARM_GCC_541\Debug\rte.o
                0x00000bb8                RTE_ProcessEventTable
 .text.LCD_driverOut
                0x00000be0       0x58 .\CortexM3\ARM_GCC_541\Debug\lcd_type.o
                0x00000be0                LCD_driverOut
 .text.CyClockStartupError
                0x00000c38        0x4 .\CortexM3\ARM_GCC_541\Debug\cyfitter_cfg.o
 .text.cfg_write_bytes32
                0x00000c3c       0x34 .\CortexM3\ARM_GCC_541\Debug\cyfitter_cfg.o
 .text.CYMEMZERO
                0x00000c70        0xc .\CortexM3\ARM_GCC_541\Debug\cyfitter_cfg.o
 .text.ClockSetup
                0x00000c7c       0xd8 .\CortexM3\ARM_GCC_541\Debug\cyfitter_cfg.o
 .text.AnalogSetDefault
                0x00000d54       0x80 .\CortexM3\ARM_GCC_541\Debug\cyfitter_cfg.o
 .text.CYCONFIGCPY
                0x00000dd4        0x8 .\CortexM3\ARM_GCC_541\Debug\cyfitter_cfg.o
 .text.cyfitter_cfg
                0x00000ddc      0x144 .\CortexM3\ARM_GCC_541\Debug\cyfitter_cfg.o
                0x00000ddc                cyfitter_cfg
 .text.IntDefaultHandler
                0x00000f20       0x10 .\CortexM3\ARM_GCC_541\Debug\Cm3Start.o
                0x00000f20                IntDefaultHandler
 .text.Start_c  0x00000f30       0x4c .\CortexM3\ARM_GCC_541\Debug\Cm3Start.o
                0x00000f30                Start_c
 .text.initialize_psoc
                0x00000f7c       0x6c .\CortexM3\ARM_GCC_541\Debug\Cm3Start.o
                0x00000f7c                initialize_psoc
 .text.BUTTON_1_Read
                0x00000fe8       0x10 .\CortexM3\ARM_GCC_541\Debug\RTE_Electronic_Clock.a(BUTTON_1.o)
                0x00000fe8                BUTTON_1_Read
 .text.isr_Button_ClearPending
                0x00000ff8        0xc .\CortexM3\ARM_GCC_541\Debug\RTE_Electronic_Clock.a(isr_Button.o)
                0x00000ff8                isr_Button_ClearPending
 .text.BUTTON_2_Read
                0x00001004       0x10 .\CortexM3\ARM_GCC_541\Debug\RTE_Electronic_Clock.a(BUTTON_2.o)
                0x00001004                BUTTON_2_Read
 .text.BUTTON_3_Read
                0x00001014       0x10 .\CortexM3\ARM_GCC_541\Debug\RTE_Electronic_Clock.a(BUTTON_3.o)
                0x00001014                BUTTON_3_Read
 .text.BUTTON_4_Read
                0x00001024       0x10 .\CortexM3\ARM_GCC_541\Debug\RTE_Electronic_Clock.a(BUTTON_4.o)
                0x00001024                BUTTON_4_Read
 .text.LED_red_Write
                0x00001034       0x18 .\CortexM3\ARM_GCC_541\Debug\RTE_Electronic_Clock.a(LED_red.o)
                0x00001034                LED_red_Write
 .text.LED_yellow_Write
                0x0000104c       0x18 .\CortexM3\ARM_GCC_541\Debug\RTE_Electronic_Clock.a(LED_yellow.o)
                0x0000104c                LED_yellow_Write
 .text.LED_green_Write
                0x00001064       0x18 .\CortexM3\ARM_GCC_541\Debug\RTE_Electronic_Clock.a(LED_green.o)
                0x00001064                LED_green_Write
 .text.UART_LOG_Init
                0x0000107c       0x28 .\CortexM3\ARM_GCC_541\Debug\RTE_Electronic_Clock.a(UART_LOG.o)
                0x0000107c                UART_LOG_Init
 .text.UART_LOG_Enable
                0x000010a4       0x38 .\CortexM3\ARM_GCC_541\Debug\RTE_Electronic_Clock.a(UART_LOG.o)
                0x000010a4                UART_LOG_Enable
 .text.UART_LOG_Start
                0x000010dc       0x1c .\CortexM3\ARM_GCC_541\Debug\RTE_Electronic_Clock.a(UART_LOG.o)
                0x000010dc                UART_LOG_Start
 .text.UART_LOG_PutChar
                0x000010f8       0x18 .\CortexM3\ARM_GCC_541\Debug\RTE_Electronic_Clock.a(UART_LOG.o)
                0x000010f8                UART_LOG_PutChar
 .text.UART_LOG_PutString
                0x00001110       0x24 .\CortexM3\ARM_GCC_541\Debug\RTE_Electronic_Clock.a(UART_LOG.o)
                0x00001110                UART_LOG_PutString
 .text.RGB_PWM_red_Enable
                0x00001134       0x10 .\CortexM3\ARM_GCC_541\Debug\RTE_Electronic_Clock.a(RGB_PWM_red.o)
                0x00001134                RGB_PWM_red_Enable
 .text.RGB_PWM_red_WriteCounter
                0x00001144        0xc .\CortexM3\ARM_GCC_541\Debug\RTE_Electronic_Clock.a(RGB_PWM_red.o)
                0x00001144                RGB_PWM_red_WriteCounter
 .text.RGB_PWM_red_WritePeriod
                0x00001150        0xc .\CortexM3\ARM_GCC_541\Debug\RTE_Electronic_Clock.a(RGB_PWM_red.o)
                0x00001150                RGB_PWM_red_WritePeriod
 .text.RGB_PWM_red_WriteCompare
                0x0000115c        0xc .\CortexM3\ARM_GCC_541\Debug\RTE_Electronic_Clock.a(RGB_PWM_red.o)
                0x0000115c                RGB_PWM_red_WriteCompare
 .text.RGB_PWM_red_Init
                0x00001168       0x34 .\CortexM3\ARM_GCC_541\Debug\RTE_Electronic_Clock.a(RGB_PWM_red.o)
                0x00001168                RGB_PWM_red_Init
 .text.RGB_PWM_red_Start
                0x0000119c       0x1c .\CortexM3\ARM_GCC_541\Debug\RTE_Electronic_Clock.a(RGB_PWM_red.o)
                0x0000119c                RGB_PWM_red_Start
 .text.PWM_Clock_Start
                0x000011b8       0x1c .\CortexM3\ARM_GCC_541\Debug\RTE_Electronic_Clock.a(PWM_Clock.o)
                0x000011b8                PWM_Clock_Start
 .text.RGB_PWM_green_Enable
                0x000011d4       0x10 .\CortexM3\ARM_GCC_541\Debug\RTE_Electronic_Clock.a(RGB_PWM_green.o)
                0x000011d4                RGB_PWM_green_Enable
 .text.RGB_PWM_green_WriteCounter
                0x000011e4        0xc .\CortexM3\ARM_GCC_541\Debug\RTE_Electronic_Clock.a(RGB_PWM_green.o)
                0x000011e4                RGB_PWM_green_WriteCounter
 .text.RGB_PWM_green_WritePeriod
                0x000011f0        0xc .\CortexM3\ARM_GCC_541\Debug\RTE_Electronic_Clock.a(RGB_PWM_green.o)
                0x000011f0                RGB_PWM_green_WritePeriod
 .text.RGB_PWM_green_WriteCompare
                0x000011fc        0xc .\CortexM3\ARM_GCC_541\Debug\RTE_Electronic_Clock.a(RGB_PWM_green.o)
                0x000011fc                RGB_PWM_green_WriteCompare
 .text.RGB_PWM_green_Init
                0x00001208       0x34 .\CortexM3\ARM_GCC_541\Debug\RTE_Electronic_Clock.a(RGB_PWM_green.o)
                0x00001208                RGB_PWM_green_Init
 .text.RGB_PWM_green_Start
                0x0000123c       0x1c .\CortexM3\ARM_GCC_541\Debug\RTE_Electronic_Clock.a(RGB_PWM_green.o)
                0x0000123c                RGB_PWM_green_Start
 .text.RGB_PWM_blue_Enable
                0x00001258       0x10 .\CortexM3\ARM_GCC_541\Debug\RTE_Electronic_Clock.a(RGB_PWM_blue.o)
                0x00001258                RGB_PWM_blue_Enable
 .text.RGB_PWM_blue_WriteCounter
                0x00001268        0xc .\CortexM3\ARM_GCC_541\Debug\RTE_Electronic_Clock.a(RGB_PWM_blue.o)
                0x00001268                RGB_PWM_blue_WriteCounter
 .text.RGB_PWM_blue_WritePeriod
                0x00001274        0xc .\CortexM3\ARM_GCC_541\Debug\RTE_Electronic_Clock.a(RGB_PWM_blue.o)
                0x00001274                RGB_PWM_blue_WritePeriod
 .text.RGB_PWM_blue_WriteCompare
                0x00001280        0xc .\CortexM3\ARM_GCC_541\Debug\RTE_Electronic_Clock.a(RGB_PWM_blue.o)
                0x00001280                RGB_PWM_blue_WriteCompare
 .text.RGB_PWM_blue_Init
                0x0000128c       0x34 .\CortexM3\ARM_GCC_541\Debug\RTE_Electronic_Clock.a(RGB_PWM_blue.o)
                0x0000128c                RGB_PWM_blue_Init
 .text.RGB_PWM_blue_Start
                0x000012c0       0x1c .\CortexM3\ARM_GCC_541\Debug\RTE_Electronic_Clock.a(RGB_PWM_blue.o)
                0x000012c0                RGB_PWM_blue_Start
 .text.EE_oo_ActivateTask
                0x000012dc       0xe8 .\CortexM3\ARM_GCC_541\Debug\RTE_Electronic_Clock.a(ErikaOS_1_ee_activate.o)
                0x000012dc                EE_oo_ActivateTask
 .text.EE_oo_SetRelAlarm
                0x000013c4       0x80 .\CortexM3\ARM_GCC_541\Debug\RTE_Electronic_Clock.a(ErikaOS_1_ee_alsetrel.o)
                0x000013c4                EE_oo_SetRelAlarm
 .text.EE_oo_handle_action_callback
                0x00001444        0xc .\CortexM3\ARM_GCC_541\Debug\RTE_Electronic_Clock.a(ErikaOS_1_ee_altick.o)
 .text.EE_oo_handle_action_task
                0x00001450       0x4c .\CortexM3\ARM_GCC_541\Debug\RTE_Electronic_Clock.a(ErikaOS_1_ee_altick.o)
 .text.EE_oo_handle_action_event
                0x0000149c       0x60 .\CortexM3\ARM_GCC_541\Debug\RTE_Electronic_Clock.a(ErikaOS_1_ee_altick.o)
 .text.EE_oo_handle_action
                0x000014fc       0x28 .\CortexM3\ARM_GCC_541\Debug\RTE_Electronic_Clock.a(ErikaOS_1_ee_altick.o)
 .text.EE_oo_counter_object_insert
                0x00001524       0x9c .\CortexM3\ARM_GCC_541\Debug\RTE_Electronic_Clock.a(ErikaOS_1_ee_altick.o)
                0x00001524                EE_oo_counter_object_insert
 .text.EE_oo_IncrementCounterImplementation
                0x000015c0      0x100 .\CortexM3\ARM_GCC_541\Debug\RTE_Electronic_Clock.a(ErikaOS_1_ee_altick.o)
                0x000015c0                EE_oo_IncrementCounterImplementation
 .text.EE_oo_IncrementCounter
                0x000016c0       0xb0 .\CortexM3\ARM_GCC_541\Debug\RTE_Electronic_Clock.a(ErikaOS_1_ee_altick.o)
                0x000016c0                EE_oo_IncrementCounter
 .text.EE_oo_ClearEvent
                0x00001770       0x5c .\CortexM3\ARM_GCC_541\Debug\RTE_Electronic_Clock.a(ErikaOS_1_ee_evclear.o)
                0x00001770                EE_oo_ClearEvent
 .text.EE_oo_GetEvent
                0x000017cc       0x40 .\CortexM3\ARM_GCC_541\Debug\RTE_Electronic_Clock.a(ErikaOS_1_ee_evget.o)
                0x000017cc                EE_oo_GetEvent
 .text.EE_oo_SetEvent
                0x0000180c      0x100 .\CortexM3\ARM_GCC_541\Debug\RTE_Electronic_Clock.a(ErikaOS_1_ee_evset.o)
                0x0000180c                EE_oo_SetEvent
 .text.EE_oo_WaitEvent
                0x0000190c      0x110 .\CortexM3\ARM_GCC_541\Debug\RTE_Electronic_Clock.a(ErikaOS_1_ee_evwait.o)
                0x0000190c                EE_oo_WaitEvent
 .text.EE_IRQ_run_next_task
                0x00001a1c       0x30 .\CortexM3\ARM_GCC_541\Debug\RTE_Electronic_Clock.a(ErikaOS_1_ee_irqendin.o)
 .text.EE_IRQ_end_instance
                0x00001a4c       0x68 .\CortexM3\ARM_GCC_541\Debug\RTE_Electronic_Clock.a(ErikaOS_1_ee_irqendin.o)
                0x00001a4c                EE_IRQ_end_instance
 .text.EE_IRQ_end_post_stub
                0x00001ab4       0x14 .\CortexM3\ARM_GCC_541\Debug\RTE_Electronic_Clock.a(ErikaOS_1_ee_irqendin.o)
                0x00001ab4                EE_IRQ_end_post_stub
 .text.EE_rq2stk_exchange
                0x00001ac8       0x88 .\CortexM3\ARM_GCC_541\Debug\RTE_Electronic_Clock.a(ErikaOS_1_ee_rq_exchg.o)
                0x00001ac8                EE_rq2stk_exchange
 .text.EE_rq_queryfirst
                0x00001b50       0x44 .\CortexM3\ARM_GCC_541\Debug\RTE_Electronic_Clock.a(ErikaOS_1_ee_rq_first.o)
                0x00001b50                EE_rq_queryfirst
 .text.EE_rq_insert
                0x00001b94       0x74 .\CortexM3\ARM_GCC_541\Debug\RTE_Electronic_Clock.a(ErikaOS_1_ee_rq_inser.o)
                0x00001b94                EE_rq_insert
 .text.EE_oo_shutdown
                0x00001c08        0xc .\CortexM3\ARM_GCC_541\Debug\RTE_Electronic_Clock.a(ErikaOS_1_ee_shtdown.o)
 .text.EE_oo_ShutdownOS_internal
                0x00001c14        0x8 .\CortexM3\ARM_GCC_541\Debug\RTE_Electronic_Clock.a(ErikaOS_1_ee_shtdown.o)
                0x00001c14                EE_oo_ShutdownOS_internal
 .text.EE_oo_ShutdownOS
                0x00001c1c        0x8 .\CortexM3\ARM_GCC_541\Debug\RTE_Electronic_Clock.a(ErikaOS_1_ee_shtdown.o)
                0x00001c1c                EE_oo_ShutdownOS
 .text.compute_task_tid
                0x00001c24       0x10 .\CortexM3\ARM_GCC_541\Debug\RTE_Electronic_Clock.a(ErikaOS_1_ee_startos.o)
 .text.EE_oo_start_os
                0x00001c34        0xc .\CortexM3\ARM_GCC_541\Debug\RTE_Electronic_Clock.a(ErikaOS_1_ee_startos.o)
 .text.EE_oo_autostart_tasks
                0x00001c40       0x60 .\CortexM3\ARM_GCC_541\Debug\RTE_Electronic_Clock.a(ErikaOS_1_ee_startos.o)
 .text.EE_oo_autostart_os
                0x00001ca0        0xc .\CortexM3\ARM_GCC_541\Debug\RTE_Electronic_Clock.a(ErikaOS_1_ee_startos.o)
 .text.EE_oo_StartOS
                0x00001cac       0x8c .\CortexM3\ARM_GCC_541\Debug\RTE_Electronic_Clock.a(ErikaOS_1_ee_startos.o)
                0x00001cac                EE_oo_StartOS
 .text.EE_oo_TerminateTask
                0x00001d38       0x3c .\CortexM3\ARM_GCC_541\Debug\RTE_Electronic_Clock.a(ErikaOS_1_ee_terminat.o)
                0x00001d38                EE_oo_TerminateTask
 .text.EE_system_init
                0x00001d74       0x48 .\CortexM3\ARM_GCC_541\Debug\RTE_Electronic_Clock.a(ErikaOS_1_cortex_mx_ee_utils.o)
                0x00001d74                EE_system_init
 .text.UART_LOG_IntClock_Start
                0x00001dbc       0x1c .\CortexM3\ARM_GCC_541\Debug\RTE_Electronic_Clock.a(UART_LOG_IntClock.o)
                0x00001dbc                UART_LOG_IntClock_Start
 .text.CyDmacConfigure
                0x00001dd8       0x34 .\CortexM3\ARM_GCC_541\Debug\RTE_Electronic_Clock.a(CyDmac.o)
                0x00001dd8                CyDmacConfigure
 .text.CyHalt   0x00001e0c        0x4 .\CortexM3\ARM_GCC_541\Debug\RTE_Electronic_Clock.a(CyLib.o)
                0x00001e0c                CyHalt
 .text.CyDelayUs
                0x00001e10       0x14 .\CortexM3\ARM_GCC_541\Debug\RTE_Electronic_Clock.a(CyLib.o)
                0x00001e10                CyDelayUs
 .text.CyIntSetPriority
                0x00001e24       0x30 .\CortexM3\ARM_GCC_541\Debug\RTE_Electronic_Clock.a(CyLib.o)
                0x00001e24                CyIntSetPriority
 .text.JOYSTICK_ADC_XY_IsEndConversion
                0x00001e54       0x18 .\CortexM3\ARM_GCC_541\Debug\RTE_Electronic_Clock.a(JOYSTICK_ADC_XY.o)
                0x00001e54                JOYSTICK_ADC_XY_IsEndConversion
 .text.JOYSTICK_ADC_XY_GetResult16
                0x00001e6c       0x1c .\CortexM3\ARM_GCC_541\Debug\RTE_Electronic_Clock.a(JOYSTICK_ADC_XY.o)
                0x00001e6c                JOYSTICK_ADC_XY_GetResult16
 .text          0x00001e88       0x7c .\CortexM3\ARM_GCC_541\Debug\RTE_Electronic_Clock.a(ErikaOS_1_ee_gnu_change_context_isr.o)
                0x00001e88                EE_set_switch_context_pri
                0x00001ea2                EE_switch_context
                0x00001eac                EE_cortex_mx_pendsv_ISR
                0x00001ee8                EE_cortex_mx_svc_ISR
 .text          0x00001f04       0x24 .\CortexM3\ARM_GCC_541\Debug\RTE_Electronic_Clock.a(ErikaOS_1_ee_gnu_irq_stack.o)
                0x00001f04                EE_cortex_mx_change_IRQ_stack
                0x00001f16                EE_cortex_mx_change_IRQ_stack_back
 .text          0x00001f28       0x68 .\CortexM3\ARM_GCC_541\Debug\RTE_Electronic_Clock.a(ErikaOS_1_ee_gnu_multi_context.o)
                0x00001f28                EE_cortex_mx_change_context
 .text          0x00001f90       0x80 .\CortexM3\ARM_GCC_541\Debug\RTE_Electronic_Clock.a(ErikaOS_1_ee_gnu_oo.o)
                0x00001f90                EE_hal_terminate_savestk
                0x00001fda                EE_hal_terminate_task
 .text          0x00002010       0x20 .\CortexM3\ARM_GCC_541\Debug\RTE_Electronic_Clock.a(CyBootAsmGnu.o)
                0x00002010                CyDelayCycles
                0x00002020                CyEnterCriticalSection
                0x00002028                CyExitCriticalSection
 .text.EE_thread_not_terminated
                0x00002030       0x10 .\CortexM3\ARM_GCC_541\Debug\RTE_Electronic_Clock.a(ErikaOS_1_ee_tnterm.o)
                0x00002030                EE_thread_not_terminated
 .text.EE_oo_thread_stub
                0x00002040       0x10 .\CortexM3\ARM_GCC_541\Debug\RTE_Electronic_Clock.a(ErikaOS_1_ee_tstub.o)
                0x00002040                EE_oo_thread_stub
 .text.EE_std_run_task_code
                0x00002050       0x18 .\CortexM3\ARM_GCC_541\Debug\RTE_Electronic_Clock.a(ErikaOS_1_cortex_mx_ee_context.o)
                0x00002050                EE_std_run_task_code
 .text.EE_std_need_context_change
                0x00002068       0x28 .\CortexM3\ARM_GCC_541\Debug\RTE_Electronic_Clock.a(ErikaOS_1_cortex_mx_ee_context.o)
                0x00002068                EE_std_need_context_change
 .text.EE_thread_rnact_max
                0x00002090       0x20 .\CortexM3\ARM_GCC_541\Debug\RTE_Electronic_Clock.a(ErikaOS_1_ee_thendin.o)
 .text.EE_thread_endcycle_next
                0x000020b0       0x30 .\CortexM3\ARM_GCC_541\Debug\RTE_Electronic_Clock.a(ErikaOS_1_ee_thendin.o)
 .text.EE_thread_end_instance
                0x000020e0      0x108 .\CortexM3\ARM_GCC_541\Debug\RTE_Electronic_Clock.a(ErikaOS_1_ee_thendin.o)
                0x000020e0                EE_thread_end_instance
 .text.__errno  0x000021e8        0xc c:/program files (x86)/cypress/psoc creator/4.4/psoc creator/import/gnu/arm/5.4.1/bin/../lib/gcc/arm-none-eabi/5.4.1/../../../../arm-none-eabi/lib/armv7-m\libg_nano.a(lib_a-errno.o)
                0x000021e8                __errno
 .text.__libc_init_array
                0x000021f4       0x4c c:/program files (x86)/cypress/psoc creator/4.4/psoc creator/import/gnu/arm/5.4.1/bin/../lib/gcc/arm-none-eabi/5.4.1/../../../../arm-none-eabi/lib/armv7-m\libg_nano.a(lib_a-init.o)
                0x000021f4                __libc_init_array
 .text.__itoa   0x00002240       0x2e c:/program files (x86)/cypress/psoc creator/4.4/psoc creator/import/gnu/arm/5.4.1/bin/../lib/gcc/arm-none-eabi/5.4.1/../../../../arm-none-eabi/lib/armv7-m\libg_nano.a(lib_a-itoa.o)
                0x00002240                __itoa
 .text.itoa     0x0000226e        0x4 c:/program files (x86)/cypress/psoc creator/4.4/psoc creator/import/gnu/arm/5.4.1/bin/../lib/gcc/arm-none-eabi/5.4.1/../../../../arm-none-eabi/lib/armv7-m\libg_nano.a(lib_a-itoa.o)
                0x0000226e                itoa
 .text.memcpy   0x00002272       0x16 c:/program files (x86)/cypress/psoc creator/4.4/psoc creator/import/gnu/arm/5.4.1/bin/../lib/gcc/arm-none-eabi/5.4.1/../../../../arm-none-eabi/lib/armv7-m\libg_nano.a(lib_a-memcpy-stub.o)
                0x00002272                memcpy
 .text.memset   0x00002288       0x10 c:/program files (x86)/cypress/psoc creator/4.4/psoc creator/import/gnu/arm/5.4.1/bin/../lib/gcc/arm-none-eabi/5.4.1/../../../../arm-none-eabi/lib/armv7-m\libg_nano.a(lib_a-memset.o)
                0x00002288                memset
 .text.__utoa   0x00002298       0x78 c:/program files (x86)/cypress/psoc creator/4.4/psoc creator/import/gnu/arm/5.4.1/bin/../lib/gcc/arm-none-eabi/5.4.1/../../../../arm-none-eabi/lib/armv7-m\libg_nano.a(lib_a-utoa.o)
                0x00002298                __utoa
 *(.plt)
 *(.gnu.warning)
 *(.glue_7t)
 .glue_7t       0x00002310        0x0 linker stubs
 *(.glue_7)
 .glue_7        0x00002310        0x0 linker stubs
 *(.vfp11_veneer)
 .vfp11_veneer  0x00002310        0x0 linker stubs
 *(.bootloader)
 *(.ARM.extab* .gnu.linkonce.armextab.*)
 *(.gcc_except_table)

.v4_bx          0x00002310        0x0
 .v4_bx         0x00002310        0x0 linker stubs

.iplt           0x00002310        0x0
 .iplt          0x00002310        0x0 c:/program files (x86)/cypress/psoc creator/4.4/psoc creator/import/gnu/arm/5.4.1/bin/../lib/gcc/arm-none-eabi/5.4.1/armv7-m/crtbegin.o

.eh_frame_hdr
 *(.eh_frame_hdr)

.eh_frame       0x00002310        0x4
 *(.eh_frame)
 .eh_frame      0x00002310        0x0 c:/program files (x86)/cypress/psoc creator/4.4/psoc creator/import/gnu/arm/5.4.1/bin/../lib/gcc/arm-none-eabi/5.4.1/armv7-m/crtbegin.o
 .eh_frame      0x00002310        0x4 c:/program files (x86)/cypress/psoc creator/4.4/psoc creator/import/gnu/arm/5.4.1/bin/../lib/gcc/arm-none-eabi/5.4.1/armv7-m/crtend.o
                [!provide]                PROVIDE (__exidx_start, .)

.ARM.exidx
 *(.ARM.exidx* .gnu.linkonce.armexidx.*)
                0x00002314                __exidx_end = .

.rodata         0x00002314    0x10824
 *(.rodata .rodata.* .gnu.linkonce.r.*)
 .rodata.str1.4
                0x00002314       0x18 .\CortexM3\ARM_GCC_541\Debug\logging.o
 .rodata        0x0000232c    0x104b4 .\CortexM3\ARM_GCC_541\Debug\ugui.o
                0x0000232c                pal_button_pressed
                0x00002344                pal_button_released
                0x0000235c                pal_checkbox_pressed
                0x00002374                pal_checkbox_released
                0x0000238c                pal_window
                0x000023a4                FONT_24X40
                0x000023b8                FONT_22X36
                0x000023cc                FONT_10X16
                0x000023e0                font_24x40
                0x00009be0                font_22x36
                0x000107e0                font_10x16
 .rodata.str1.4
                0x000127e0       0x12 .\CortexM3\ARM_GCC_541\Debug\main.o
 *fill*         0x000127f2        0x2 
 .rodata        0x000127f4       0x30 .\CortexM3\ARM_GCC_541\Debug\rte_activation.o
                0x000127f4                RTE_eventActivation_size
                0x000127f8                RTE_eventActivationTable
                0x00012818                RTE_cyclicActivation_size
                0x0001281c                RTE_cyclicActivationTable
 .rodata        0x00012824       0x30 .\CortexM3\ARM_GCC_541\Debug\rte_signalpool.o
 .rodata.str1.4
                0x00012854        0xd .\CortexM3\ARM_GCC_541\Debug\lcd_type.o
 *fill*         0x00012861        0x3 
 .rodata        0x00012864       0x36 .\CortexM3\ARM_GCC_541\Debug\cyfitter_cfg.o
 *fill*         0x0001289a        0x2 
 .rodata        0x0001289c      0x100 .\CortexM3\ARM_GCC_541\Debug\RTE_Electronic_Clock.a(ErikaOS_1_ee_lookup.o)
                0x0001289c                EE_rq_lookup
 .rodata        0x0001299c       0xbc .\CortexM3\ARM_GCC_541\Debug\RTE_Electronic_Clock.a(ErikaOS_1_eecfg.o)
                0x0001299c                EE_oo_autostart_task_data
                0x000129a8                EE_oo_action_ROM
                0x000129bc                EE_oo_counter_object_ROM
                0x000129c8                EE_ALARM_ID
                0x000129cc                EE_alarm_ROM
                0x000129d0                EE_counter_ROM
                0x000129dc                EE_th_is_extended
                0x000129ec                EE_th_rnact_max
                0x000129fc                EE_th_dispatch_prio
                0x00012a0c                EE_EVENT_ID
                0x00012a14                EE_th_ready_prio
                0x00012a24                EE_terminate_real_th_body
                0x00012a34                EE_hal_thread_body
                0x00012a44                EE_std_thread_tos
 .rodata.str1.4
                0x00012a58       0x80 .\CortexM3\ARM_GCC_541\Debug\RTE_Electronic_Clock.a(ErikaOS_1_eecfg.o)
 .rodata.str1.1
                0x00012ad8        0x2 c:/program files (x86)/cypress/psoc creator/4.4/psoc creator/import/gnu/arm/5.4.1/bin/../lib/gcc/arm-none-eabi/5.4.1/../../../../arm-none-eabi/lib/armv7-m\libg_nano.a(lib_a-impure.o)
 .rodata.str1.1
                0x00012ada       0x25 c:/program files (x86)/cypress/psoc creator/4.4/psoc creator/import/gnu/arm/5.4.1/bin/../lib/gcc/arm-none-eabi/5.4.1/../../../../arm-none-eabi/lib/armv7-m\libg_nano.a(lib_a-utoa.o)
                0x00012b00                . = ALIGN (0x4)
 *fill*         0x00012aff        0x1 
 *(.init)
 .init          0x00012b00        0x4 c:/program files (x86)/cypress/psoc creator/4.4/psoc creator/import/gnu/arm/5.4.1/bin/../lib/gcc/arm-none-eabi/5.4.1/armv7-m/crti.o
                0x00012b00                _init
 .init          0x00012b04        0x8 c:/program files (x86)/cypress/psoc creator/4.4/psoc creator/import/gnu/arm/5.4.1/bin/../lib/gcc/arm-none-eabi/5.4.1/armv7-m/crtn.o
                0x00012b0c                . = ALIGN (0x4)
                0x00012b0c                __preinit_array_start = .
 *(.preinit_array)
                0x00012b0c                __preinit_array_end = .
                0x00012b0c                . = ALIGN (0x4)
                0x00012b0c                __init_array_start = .
 *(SORT(.init_array.*))
 *(.init_array)
 .init_array    0x00012b0c        0x4 c:/program files (x86)/cypress/psoc creator/4.4/psoc creator/import/gnu/arm/5.4.1/bin/../lib/gcc/arm-none-eabi/5.4.1/armv7-m/crtbegin.o
 .init_array    0x00012b10        0x4 .\CortexM3\ARM_GCC_541\Debug\Cm3Start.o
                0x00012b14                __init_array_end = .
                0x00012b14                . = ALIGN (0x4)
 *(.fini)
 .fini          0x00012b14        0x4 c:/program files (x86)/cypress/psoc creator/4.4/psoc creator/import/gnu/arm/5.4.1/bin/../lib/gcc/arm-none-eabi/5.4.1/armv7-m/crti.o
                0x00012b14                _fini
 .fini          0x00012b18        0x8 c:/program files (x86)/cypress/psoc creator/4.4/psoc creator/import/gnu/arm/5.4.1/bin/../lib/gcc/arm-none-eabi/5.4.1/armv7-m/crtn.o
                0x00012b20                . = ALIGN (0x4)
                0x00012b20                __fini_array_start = .
 *(.fini_array)
 .fini_array    0x00012b20        0x4 c:/program files (x86)/cypress/psoc creator/4.4/psoc creator/import/gnu/arm/5.4.1/bin/../lib/gcc/arm-none-eabi/5.4.1/armv7-m/crtbegin.o
 *(SORT(.fini_array.*))
                0x00012b24                __fini_array_end = .
                0x00012b24                . = ALIGN (0x4)
 *crtbegin.o(.ctors)
 *(EXCLUDE_FILE(*crtend.o) .ctors)
 *(SORT(.ctors.*))
 *crtend.o(.ctors)
                0x00012b24                . = ALIGN (0x4)
 *crtbegin.o(.dtors)
 *(EXCLUDE_FILE(*crtend.o) .dtors)
 *(SORT(.dtors.*))
 *crtend.o(.dtors)
                0x00012b24                . = ALIGN (0x4)
                0x00012b24                __cy_regions = .
                0x00012b24        0x4 LONG 0x12b38 __cy_region_init_ram
                0x00012b28        0x4 LONG 0x1fff80c8 __cy_region_start_data
                0x00012b2c        0x4 LONG 0x1c8 __cy_region_init_size_ram
                0x00012b30        0x4 LONG 0x788 __cy_region_zero_size_ram
                0x00012b34                __cy_regions_end = .
                0x00012b38                . = ALIGN (0x8)
 *fill*         0x00012b34        0x4 
                0x00012b38                _etext = .

.cy_checksum_exclude
                0x00012b38        0x0
 *(.cy_checksum_exclude)

.ramvectors     0x1fff8000       0xc0
                0x1fff8000                __cy_region_start_ram = .
 *(.ramvectors)
 .ramvectors    0x1fff8000       0xc0 .\CortexM3\ARM_GCC_541\Debug\Cm3Start.o
                0x1fff8000                CyRamVectors

.noinit         0x1fff80c0        0x1
 *(.noinit)
 .noinit        0x1fff80c0        0x1 .\CortexM3\ARM_GCC_541\Debug\RTE_Electronic_Clock.a(CyLib.o)
                0x1fff80c0                CyResetStatus

.data           0x1fff80c8      0x1c8 load address 0x00012b38
                0x1fff80c8                __cy_region_start_data = .
 *(.jcr)
 .jcr           0x1fff80c8        0x0 c:/program files (x86)/cypress/psoc creator/4.4/psoc creator/import/gnu/arm/5.4.1/bin/../lib/gcc/arm-none-eabi/5.4.1/armv7-m/crtbegin.o
 .jcr           0x1fff80c8        0x4 c:/program files (x86)/cypress/psoc creator/4.4/psoc creator/import/gnu/arm/5.4.1/bin/../lib/gcc/arm-none-eabi/5.4.1/armv7-m/crtend.o
 *(.got.plt)
 *(.got)
 *(.shdata)
 *(.data .data.* .gnu.linkonce.d.*)
 .data          0x1fff80cc       0x30 .\CortexM3\ARM_GCC_541\Debug\rte_signalpool.o
                0x1fff80cc                JOYSTICK_signal
                0x1fff80d8                ENGINE_signal
                0x1fff80e4                BRAKELIGHT_signal
                0x1fff80f0                LCD_signal
 .data          0x1fff80fc      0x114 .\CortexM3\ARM_GCC_541\Debug\RTE_Electronic_Clock.a(ErikaOS_1_eecfg.o)
                0x1fff80fc                EE_ALARM_NAME
                0x1fff8100                EE_counter_RAM
                0x1fff8108                EE_th_terminate_nextask
                0x1fff8118                EE_rq_pairs_next
                0x1fff8128                EE_rq_link
                0x1fff8138                EE_th_rnact
                0x1fff8148                EE_rq_queues_tail
                0x1fff8188                EE_rq_queues_head
                0x1fff81c8                EE_stkfirst
                0x1fff81cc                EE_th_next
                0x1fff81dc                EE_th_status
                0x1fff81ec                EE_EVENT_NAME
                0x1fff81f4                EE_TASK_NAME
                0x1fff8204                EE_cortex_mx_IRQ_tos
                0x1fff8208                EE_cortex_mx_system_tos
 .data          0x1fff8210        0x8 .\CortexM3\ARM_GCC_541\Debug\RTE_Electronic_Clock.a(CyDmac.o)
 .data          0x1fff8218       0x10 .\CortexM3\ARM_GCC_541\Debug\RTE_Electronic_Clock.a(CyLib.o)
                0x1fff8218                cydelay_32k_ms
                0x1fff821c                cydelay_freq_khz
                0x1fff8220                cydelay_freq_mhz
                0x1fff8224                cydelay_freq_hz
 .data          0x1fff8228        0x4 .\CortexM3\ARM_GCC_541\Debug\RTE_Electronic_Clock.a(ErikaOS_1_ee_gnu_irq_stack.o)
 .data.impure_data
                0x1fff822c       0x60 c:/program files (x86)/cypress/psoc creator/4.4/psoc creator/import/gnu/arm/5.4.1/bin/../lib/gcc/arm-none-eabi/5.4.1/../../../../arm-none-eabi/lib/armv7-m\libg_nano.a(lib_a-impure.o)
 .data._impure_ptr
                0x1fff828c        0x4 c:/program files (x86)/cypress/psoc creator/4.4/psoc creator/import/gnu/arm/5.4.1/bin/../lib/gcc/arm-none-eabi/5.4.1/../../../../arm-none-eabi/lib/armv7-m\libg_nano.a(lib_a-impure.o)
                0x1fff828c                _impure_ptr
                0x1fff8290                . = ALIGN (0x8)
 *(.ram)
                0x1fff8290                _edata = .

.igot.plt       0x1fff8290        0x0 load address 0x00012d00
 .igot.plt      0x1fff8290        0x0 c:/program files (x86)/cypress/psoc creator/4.4/psoc creator/import/gnu/arm/5.4.1/bin/../lib/gcc/arm-none-eabi/5.4.1/armv7-m/crtbegin.o

.bss            0x1fff8290      0x788 load address 0x00012d00
                0x1fff8290                PROVIDE (__bss_start__, .)
 *(.shbss)
 *(.bss .bss.* .gnu.linkonce.b.*)
 .bss           0x1fff8290       0x1c c:/program files (x86)/cypress/psoc creator/4.4/psoc creator/import/gnu/arm/5.4.1/bin/../lib/gcc/arm-none-eabi/5.4.1/armv7-m/crtbegin.o
 .bss           0x1fff82ac        0x3 .\CortexM3\ARM_GCC_541\Debug\led.o
 *fill*         0x1fff82af        0x1 
 .bss           0x1fff82b0        0xc .\CortexM3\ARM_GCC_541\Debug\ugui.o
 .bss           0x1fff82bc        0x4 .\CortexM3\ARM_GCC_541\Debug\rte.o
 .bss           0x1fff82c0        0x2 .\CortexM3\ARM_GCC_541\Debug\RTE_Electronic_Clock.a(UART_LOG.o)
                0x1fff82c0                UART_LOG_initVar
 .bss           0x1fff82c2        0x1 .\CortexM3\ARM_GCC_541\Debug\RTE_Electronic_Clock.a(RGB_PWM_red.o)
                0x1fff82c2                RGB_PWM_red_initVar
 .bss           0x1fff82c3        0x1 .\CortexM3\ARM_GCC_541\Debug\RTE_Electronic_Clock.a(RGB_PWM_green.o)
                0x1fff82c3                RGB_PWM_green_initVar
 .bss           0x1fff82c4        0x1 .\CortexM3\ARM_GCC_541\Debug\RTE_Electronic_Clock.a(RGB_PWM_blue.o)
                0x1fff82c4                RGB_PWM_blue_initVar
 *fill*         0x1fff82c5        0x3 
 .bss           0x1fff82c8       0x40 .\CortexM3\ARM_GCC_541\Debug\RTE_Electronic_Clock.a(ErikaOS_1_eecfg.o)
                0x1fff82c8                EE_th_waswaiting
                0x1fff82d8                EE_th_event_waitmask
                0x1fff82e8                EE_th_event_active
                0x1fff82f8                EE_rq_free
                0x1fff82fc                EE_rq_bitmask
                0x1fff8300                EE_sys_ceiling
                0x1fff8304                EE_cortex_mx_active_tos
 *(COMMON)
 COMMON         0x1fff8308        0x1 .\CortexM3\ARM_GCC_541\Debug\main.o
                0x1fff8308                runnables
 *fill*         0x1fff8309        0x3 
 COMMON         0x1fff830c        0x8 .\CortexM3\ARM_GCC_541\Debug\RTE_Electronic_Clock.a(ErikaOS_1_ee_lookup.o)
                0x1fff830c                EE_oo_IRQ_disable_count
                0x1fff8310                EE_oo_IRQ_suspend_status
 COMMON         0x1fff8314        0x4 .\CortexM3\ARM_GCC_541\Debug\RTE_Electronic_Clock.a(ErikaOS_1_ee_startos.o)
                0x1fff8314                EE_oo_started
 COMMON         0x1fff8318        0x8 .\CortexM3\ARM_GCC_541\Debug\RTE_Electronic_Clock.a(ErikaOS_1_common_ee_hal_structs.o)
                0x1fff8318                EE_IRQ_nesting_level
                0x1fff831c                EE_std_endcycle_next_tid
 COMMON         0x1fff8320      0x6e4 .\CortexM3\ARM_GCC_541\Debug\RTE_Electronic_Clock.a(ErikaOS_1_eecfg.o)
                0x1fff8320                EE_rq_pairs_tid
                0x1fff8330                EE_terminate_data
                0x1fff8340                EE_oo_counter_object_RAM
                0x1fff8350                EE_ApplicationMode
                0x1fff8354                EE_cortex_mx_stack_4
                0x1fff8804                EE_cortex_mx_stack_9
 COMMON         0x1fff8a04        0x4 .\CortexM3\ARM_GCC_541\Debug\RTE_Electronic_Clock.a(JOYSTICK_ADC_XY.o)
                0x1fff8a04                JOYSTICK_ADC_XY_finalArray
 COMMON         0x1fff8a08        0xc .\CortexM3\ARM_GCC_541\Debug\RTE_Electronic_Clock.a(JOYSTICK_ADC_XY_SAR.o)
                0x1fff8a08                JOYSTICK_ADC_XY_SAR_offset
                0x1fff8a0a                JOYSTICK_ADC_XY_SAR_countsPerVolt
                0x1fff8a0c                JOYSTICK_ADC_XY_SAR_shift
                0x1fff8a10                JOYSTICK_ADC_XY_SAR_countsPer10Volt
                0x1fff8a18                . = ALIGN (0x8)
 *fill*         0x1fff8a14        0x4 
 *(.ram.b)
                0x1fff8a18                _end = .
                0x1fff8a18                __end = .
                0x1fff8a18                PROVIDE (end, .)
                0x1fff8a18                PROVIDE (__bss_end__, .)
                0x00012b38                __cy_region_init_ram = LOADADDR (.data)
                0x000001c8                __cy_region_init_size_ram = (_edata - ADDR (.data))
                0x00000788                __cy_region_zero_size_ram = (_end - _edata)

.heap           0x1fff8a18       0x80 load address 0x00012d00
                0x1fff8a18                . = _end
                0x1fff8a98                . = (. + 0x80)
 *fill*         0x1fff8a18       0x80 
                0x1fff8a98                __cy_heap_limit = .

.stack          0x20007800      0x800
                0x20007800                __cy_stack_limit = .
                0x20008000                . = (. + 0x800)
 *fill*         0x20007800      0x800 
                0x00000001                ASSERT ((__cy_stack_limit >= __cy_heap_limit), region RAM overflowed with stack)
                0x00000000                cy_checksum_exclude_size = (CY_APPL_LOADABLE == 0x1)?SIZEOF (.cy_checksum_exclude):0x0
                0x00000001                ASSERT ((cy_checksum_exclude_size <= CY_CHECKSUM_EXCLUDE_SIZE), CY_BOOT: Section .cy_checksum_exclude size exceedes specified limit.)

.cyloadermeta
 *(.cyloadermeta)

.cyloadablemeta
 *(.cyloadablemeta)

.cyconfigecc    0x80000000      0xb64
 *(.cyconfigecc)
 .cyconfigecc   0x80000000      0xb64 .\CortexM3\ARM_GCC_541\Debug\cymetadata.o
                0x80000000                cy_meta_configecc

.cycustnvl      0x90000000        0x4
 *(.cycustnvl)
 .cycustnvl     0x90000000        0x4 .\CortexM3\ARM_GCC_541\Debug\cymetadata.o
                0x90000000                cy_meta_custnvl

.cywolatch      0x90100000        0x4
 *(.cywolatch)
 .cywolatch     0x90100000        0x4 .\CortexM3\ARM_GCC_541\Debug\cymetadata.o
                0x90100000                cy_meta_wonvl

.cyeeprom       0x90200000        0x0
 *(.cyeeprom)
                0x00000001                ASSERT ((. <= ((0x90200000 + ee_offset) + ee_size)), .cyeeprom data will not fit in EEPROM)

.cyflashprotect
                0x90400000      0x100
 *(.cyflashprotect)
 .cyflashprotect
                0x90400000      0x100 .\CortexM3\ARM_GCC_541\Debug\cymetadata.o
                0x90400000                cy_meta_flashprotect

.cymeta         0x90500000        0xc
 *(.cymeta)
 .cymeta        0x90500000        0xc .\CortexM3\ARM_GCC_541\Debug\cymetadata.o
                0x90500000                cy_metadata

.rel.dyn        0x00012d00        0x0 load address 0x9050000c
 .rel.iplt      0x00012d00        0x0 c:/program files (x86)/cypress/psoc creator/4.4/psoc creator/import/gnu/arm/5.4.1/bin/../lib/gcc/arm-none-eabi/5.4.1/armv7-m/crtbegin.o

.stab
 *(.stab)

.stabstr
 *(.stabstr)

.debug
 *(.debug)

.line
 *(.line)

.debug_srcinfo
 *(.debug_srcinfo)

.debug_sfnames
 *(.debug_sfnames)

.debug_aranges  0x00000000     0x1de8
 *(.debug_aranges)
 .debug_aranges
                0x00000000       0x28 .\CortexM3\ARM_GCC_541\Debug\logging.o
 .debug_aranges
                0x00000028       0x28 .\CortexM3\ARM_GCC_541\Debug\button.o
 .debug_aranges
                0x00000050       0x28 .\CortexM3\ARM_GCC_541\Debug\joystick.o
 .debug_aranges
                0x00000078       0x38 .\CortexM3\ARM_GCC_541\Debug\led.o
 .debug_aranges
                0x000000b0       0x48 .\CortexM3\ARM_GCC_541\Debug\seven.o
 .debug_aranges
                0x000000f8      0x178 .\CortexM3\ARM_GCC_541\Debug\tft.o
 .debug_aranges
                0x00000270       0x50 .\CortexM3\ARM_GCC_541\Debug\ugui_st7735.o
 .debug_aranges
                0x000002c0      0x560 .\CortexM3\ARM_GCC_541\Debug\ugui.o
 .debug_aranges
                0x00000820       0x68 .\CortexM3\ARM_GCC_541\Debug\main.o
 .debug_aranges
                0x00000888       0x20 .\CortexM3\ARM_GCC_541\Debug\swc_control.o
 .debug_aranges
                0x000008a8       0x20 .\CortexM3\ARM_GCC_541\Debug\swc_engine.o
 .debug_aranges
                0x000008c8       0x20 .\CortexM3\ARM_GCC_541\Debug\swc_joystick.o
 .debug_aranges
                0x000008e8       0x20 .\CortexM3\ARM_GCC_541\Debug\swc_brakelight.o
 .debug_aranges
                0x00000908       0x20 .\CortexM3\ARM_GCC_541\Debug\swc_lcd.o
 .debug_aranges
                0x00000928       0x28 .\CortexM3\ARM_GCC_541\Debug\adc_type.o
 .debug_aranges
                0x00000950       0x28 .\CortexM3\ARM_GCC_541\Debug\gpio_type.o
 .debug_aranges
                0x00000978       0x28 .\CortexM3\ARM_GCC_541\Debug\pwm_type.o
 .debug_aranges
                0x000009a0       0x18 .\CortexM3\ARM_GCC_541\Debug\rte_activation.o
 .debug_aranges
                0x000009b8       0x20 .\CortexM3\ARM_GCC_541\Debug\rte_signalpool.o
 .debug_aranges
                0x000009d8       0x28 .\CortexM3\ARM_GCC_541\Debug\rte.o
 .debug_aranges
                0x00000a00       0x28 .\CortexM3\ARM_GCC_541\Debug\lcd_type.o
 .debug_aranges
                0x00000a28       0x30 .\CortexM3\ARM_GCC_541\Debug\watchdog.o
 .debug_aranges
                0x00000a58       0x58 .\CortexM3\ARM_GCC_541\Debug\cyfitter_cfg.o
 .debug_aranges
                0x00000ab0       0x18 .\CortexM3\ARM_GCC_541\Debug\cymetadata.o
 .debug_aranges
                0x00000ac8       0x48 .\CortexM3\ARM_GCC_541\Debug\Cm3Start.o
 .debug_aranges
                0x00000b10       0x38 .\CortexM3\ARM_GCC_541\Debug\RTE_Electronic_Clock.a(SEVEN_DP.o)
 .debug_aranges
                0x00000b48       0x38 .\CortexM3\ARM_GCC_541\Debug\RTE_Electronic_Clock.a(SEVEN_SELECT.o)
 .debug_aranges
                0x00000b80       0x28 .\CortexM3\ARM_GCC_541\Debug\RTE_Electronic_Clock.a(SEVEN_reg.o)
 .debug_aranges
                0x00000ba8       0x38 .\CortexM3\ARM_GCC_541\Debug\RTE_Electronic_Clock.a(BUTTON_1.o)
 .debug_aranges
                0x00000be0       0x80 .\CortexM3\ARM_GCC_541\Debug\RTE_Electronic_Clock.a(isr_Button.o)
 .debug_aranges
                0x00000c60       0x38 .\CortexM3\ARM_GCC_541\Debug\RTE_Electronic_Clock.a(BUTTON_2.o)
 .debug_aranges
                0x00000c98       0x38 .\CortexM3\ARM_GCC_541\Debug\RTE_Electronic_Clock.a(BUTTON_3.o)
 .debug_aranges
                0x00000cd0       0x38 .\CortexM3\ARM_GCC_541\Debug\RTE_Electronic_Clock.a(BUTTON_4.o)
 .debug_aranges
                0x00000d08       0x38 .\CortexM3\ARM_GCC_541\Debug\RTE_Electronic_Clock.a(LED_red.o)
 .debug_aranges
                0x00000d40       0x38 .\CortexM3\ARM_GCC_541\Debug\RTE_Electronic_Clock.a(LED_yellow.o)
 .debug_aranges
                0x00000d78       0x38 .\CortexM3\ARM_GCC_541\Debug\RTE_Electronic_Clock.a(LED_green.o)
 .debug_aranges
                0x00000db0       0xf0 .\CortexM3\ARM_GCC_541\Debug\RTE_Electronic_Clock.a(UART_LOG.o)
 .debug_aranges
                0x00000ea0       0x80 .\CortexM3\ARM_GCC_541\Debug\RTE_Electronic_Clock.a(RGB_PWM_red.o)
 .debug_aranges
                0x00000f20       0x70 .\CortexM3\ARM_GCC_541\Debug\RTE_Electronic_Clock.a(PWM_Clock.o)
 .debug_aranges
                0x00000f90       0x80 .\CortexM3\ARM_GCC_541\Debug\RTE_Electronic_Clock.a(RGB_PWM_green.o)
 .debug_aranges
                0x00001010       0x80 .\CortexM3\ARM_GCC_541\Debug\RTE_Electronic_Clock.a(RGB_PWM_blue.o)
 .debug_aranges
                0x00001090       0x20 .\CortexM3\ARM_GCC_541\Debug\RTE_Electronic_Clock.a(ErikaOS_1_ee_activate.o)
 .debug_aranges
                0x000010b0       0x20 .\CortexM3\ARM_GCC_541\Debug\RTE_Electronic_Clock.a(ErikaOS_1_ee_alsetrel.o)
 .debug_aranges
                0x000010d0       0x58 .\CortexM3\ARM_GCC_541\Debug\RTE_Electronic_Clock.a(ErikaOS_1_ee_altick.o)
 .debug_aranges
                0x00001128       0x20 .\CortexM3\ARM_GCC_541\Debug\RTE_Electronic_Clock.a(ErikaOS_1_ee_evclear.o)
 .debug_aranges
                0x00001148       0x20 .\CortexM3\ARM_GCC_541\Debug\RTE_Electronic_Clock.a(ErikaOS_1_ee_evget.o)
 .debug_aranges
                0x00001168       0x20 .\CortexM3\ARM_GCC_541\Debug\RTE_Electronic_Clock.a(ErikaOS_1_ee_evset.o)
 .debug_aranges
                0x00001188       0x20 .\CortexM3\ARM_GCC_541\Debug\RTE_Electronic_Clock.a(ErikaOS_1_ee_evwait.o)
 .debug_aranges
                0x000011a8       0x30 .\CortexM3\ARM_GCC_541\Debug\RTE_Electronic_Clock.a(ErikaOS_1_ee_irqendin.o)
 .debug_aranges
                0x000011d8       0x18 .\CortexM3\ARM_GCC_541\Debug\RTE_Electronic_Clock.a(ErikaOS_1_ee_lookup.o)
 .debug_aranges
                0x000011f0       0x20 .\CortexM3\ARM_GCC_541\Debug\RTE_Electronic_Clock.a(ErikaOS_1_ee_rq_exchg.o)
 .debug_aranges
                0x00001210       0x20 .\CortexM3\ARM_GCC_541\Debug\RTE_Electronic_Clock.a(ErikaOS_1_ee_rq_first.o)
 .debug_aranges
                0x00001230       0x20 .\CortexM3\ARM_GCC_541\Debug\RTE_Electronic_Clock.a(ErikaOS_1_ee_rq_inser.o)
 .debug_aranges
                0x00001250       0x30 .\CortexM3\ARM_GCC_541\Debug\RTE_Electronic_Clock.a(ErikaOS_1_ee_shtdown.o)
 .debug_aranges
                0x00001280       0x40 .\CortexM3\ARM_GCC_541\Debug\RTE_Electronic_Clock.a(ErikaOS_1_ee_startos.o)
 .debug_aranges
                0x000012c0       0x20 .\CortexM3\ARM_GCC_541\Debug\RTE_Electronic_Clock.a(ErikaOS_1_ee_terminat.o)
 .debug_aranges
                0x000012e0       0x20 .\CortexM3\ARM_GCC_541\Debug\RTE_Electronic_Clock.a(ErikaOS_1_cortex_mx_ee_utils.o)
 .debug_aranges
                0x00001300       0x18 .\CortexM3\ARM_GCC_541\Debug\RTE_Electronic_Clock.a(ErikaOS_1_common_ee_hal_structs.o)
 .debug_aranges
                0x00001318       0x18 .\CortexM3\ARM_GCC_541\Debug\RTE_Electronic_Clock.a(ErikaOS_1_eecfg.o)
 .debug_aranges
                0x00001330       0x70 .\CortexM3\ARM_GCC_541\Debug\RTE_Electronic_Clock.a(UART_LOG_IntClock.o)
 .debug_aranges
                0x000013a0       0xd8 .\CortexM3\ARM_GCC_541\Debug\RTE_Electronic_Clock.a(CyDmac.o)
 .debug_aranges
                0x00001478      0x2a0 .\CortexM3\ARM_GCC_541\Debug\RTE_Electronic_Clock.a(CyLib.o)
 .debug_aranges
                0x00001718       0x98 .\CortexM3\ARM_GCC_541\Debug\RTE_Electronic_Clock.a(cyPm.o)
 .debug_aranges
                0x000017b0       0xa0 .\CortexM3\ARM_GCC_541\Debug\RTE_Electronic_Clock.a(JOYSTICK_ADC_XY.o)
 .debug_aranges
                0x00001850       0x20 .\CortexM3\ARM_GCC_541\Debug\RTE_Electronic_Clock.a(JOYSTICK_ADC_XY_INT.o)
 .debug_aranges
                0x00001870       0x80 .\CortexM3\ARM_GCC_541\Debug\RTE_Electronic_Clock.a(JOYSTICK_ADC_XY_IRQ.o)
 .debug_aranges
                0x000018f0       0xa8 .\CortexM3\ARM_GCC_541\Debug\RTE_Electronic_Clock.a(JOYSTICK_ADC_XY_SAR.o)
 .debug_aranges
                0x00001998       0x28 .\CortexM3\ARM_GCC_541\Debug\RTE_Electronic_Clock.a(JOYSTICK_ADC_XY_TempBuf_dma.o)
 .debug_aranges
                0x000019c0       0x28 .\CortexM3\ARM_GCC_541\Debug\RTE_Electronic_Clock.a(JOYSTICK_ADC_XY_FinalBuf_dma.o)
 .debug_aranges
                0x000019e8       0xd8 .\CortexM3\ARM_GCC_541\Debug\RTE_Electronic_Clock.a(SPIM.o)
 .debug_aranges
                0x00001ac0       0x38 .\CortexM3\ARM_GCC_541\Debug\RTE_Electronic_Clock.a(RS.o)
 .debug_aranges
                0x00001af8       0x38 .\CortexM3\ARM_GCC_541\Debug\RTE_Electronic_Clock.a(RST.o)
 .debug_aranges
                0x00001b30       0x78 .\CortexM3\ARM_GCC_541\Debug\RTE_Electronic_Clock.a(EEPROM.o)
 .debug_aranges
                0x00001ba8       0x20 .\CortexM3\ARM_GCC_541\Debug\RTE_Electronic_Clock.a(ErikaOS_1_ee_gnu_change_context_isr.o)
 .debug_aranges
                0x00001bc8       0x20 .\CortexM3\ARM_GCC_541\Debug\RTE_Electronic_Clock.a(ErikaOS_1_ee_gnu_irq_stack.o)
 .debug_aranges
                0x00001be8       0x20 .\CortexM3\ARM_GCC_541\Debug\RTE_Electronic_Clock.a(ErikaOS_1_ee_gnu_multi_context.o)
 .debug_aranges
                0x00001c08       0x20 .\CortexM3\ARM_GCC_541\Debug\RTE_Electronic_Clock.a(ErikaOS_1_ee_gnu_oo.o)
 .debug_aranges
                0x00001c28       0x20 .\CortexM3\ARM_GCC_541\Debug\RTE_Electronic_Clock.a(CyBootAsmGnu.o)
 .debug_aranges
                0x00001c48       0x20 .\CortexM3\ARM_GCC_541\Debug\RTE_Electronic_Clock.a(ErikaOS_1_ee_tnterm.o)
 .debug_aranges
                0x00001c68       0x20 .\CortexM3\ARM_GCC_541\Debug\RTE_Electronic_Clock.a(ErikaOS_1_ee_tstub.o)
 .debug_aranges
                0x00001c88       0x28 .\CortexM3\ARM_GCC_541\Debug\RTE_Electronic_Clock.a(ErikaOS_1_cortex_mx_ee_context.o)
 .debug_aranges
                0x00001cb0       0x88 .\CortexM3\ARM_GCC_541\Debug\RTE_Electronic_Clock.a(CyFlash.o)
 .debug_aranges
                0x00001d38       0x80 .\CortexM3\ARM_GCC_541\Debug\RTE_Electronic_Clock.a(CySpc.o)
 .debug_aranges
                0x00001db8       0x30 .\CortexM3\ARM_GCC_541\Debug\RTE_Electronic_Clock.a(ErikaOS_1_ee_thendin.o)

.debug_pubnames
 *(.debug_pubnames)

.debug_info     0x00000000    0x210ff
 *(.debug_info .gnu.linkonce.wi.*)
 .debug_info    0x00000000      0x3b3 .\CortexM3\ARM_GCC_541\Debug\logging.o
 .debug_info    0x000003b3      0x2f5 .\CortexM3\ARM_GCC_541\Debug\button.o
 .debug_info    0x000006a8      0x31e .\CortexM3\ARM_GCC_541\Debug\joystick.o
 .debug_info    0x000009c6      0x589 .\CortexM3\ARM_GCC_541\Debug\led.o
 .debug_info    0x00000f4f      0x4a4 .\CortexM3\ARM_GCC_541\Debug\seven.o
 .debug_info    0x000013f3     0x281f .\CortexM3\ARM_GCC_541\Debug\tft.o
 .debug_info    0x00003c12      0xc17 .\CortexM3\ARM_GCC_541\Debug\ugui_st7735.o
 .debug_info    0x00004829     0x5bf7 .\CortexM3\ARM_GCC_541\Debug\ugui.o
 .debug_info    0x0000a420      0xac7 .\CortexM3\ARM_GCC_541\Debug\main.o
 .debug_info    0x0000aee7      0xab0 .\CortexM3\ARM_GCC_541\Debug\swc_control.o
 .debug_info    0x0000b997      0x468 .\CortexM3\ARM_GCC_541\Debug\swc_engine.o
 .debug_info    0x0000bdff      0x530 .\CortexM3\ARM_GCC_541\Debug\swc_joystick.o
 .debug_info    0x0000c32f      0x4d0 .\CortexM3\ARM_GCC_541\Debug\swc_brakelight.o
 .debug_info    0x0000c7ff      0x474 .\CortexM3\ARM_GCC_541\Debug\swc_lcd.o
 .debug_info    0x0000cc73      0x2c2 .\CortexM3\ARM_GCC_541\Debug\adc_type.o
 .debug_info    0x0000cf35      0x2df .\CortexM3\ARM_GCC_541\Debug\gpio_type.o
 .debug_info    0x0000d214      0x2b5 .\CortexM3\ARM_GCC_541\Debug\pwm_type.o
 .debug_info    0x0000d4c9      0x225 .\CortexM3\ARM_GCC_541\Debug\rte_activation.o
 .debug_info    0x0000d6ee      0x91c .\CortexM3\ARM_GCC_541\Debug\rte_signalpool.o
 .debug_info    0x0000e00a      0x46c .\CortexM3\ARM_GCC_541\Debug\rte.o
 .debug_info    0x0000e476      0x98f .\CortexM3\ARM_GCC_541\Debug\lcd_type.o
 .debug_info    0x0000ee05      0x45c .\CortexM3\ARM_GCC_541\Debug\watchdog.o
 .debug_info    0x0000f261      0x659 .\CortexM3\ARM_GCC_541\Debug\cyfitter_cfg.o
 .debug_info    0x0000f8ba      0x139 .\CortexM3\ARM_GCC_541\Debug\cymetadata.o
 .debug_info    0x0000f9f3      0x3cf .\CortexM3\ARM_GCC_541\Debug\Cm3Start.o
 .debug_info    0x0000fdc2      0x11f .\CortexM3\ARM_GCC_541\Debug\RTE_Electronic_Clock.a(SEVEN_DP.o)
 .debug_info    0x0000fee1      0x11f .\CortexM3\ARM_GCC_541\Debug\RTE_Electronic_Clock.a(SEVEN_SELECT.o)
 .debug_info    0x00010000       0xd6 .\CortexM3\ARM_GCC_541\Debug\RTE_Electronic_Clock.a(SEVEN_reg.o)
 .debug_info    0x000100d6      0x11f .\CortexM3\ARM_GCC_541\Debug\RTE_Electronic_Clock.a(BUTTON_1.o)
 .debug_info    0x000101f5      0x2d2 .\CortexM3\ARM_GCC_541\Debug\RTE_Electronic_Clock.a(isr_Button.o)
 .debug_info    0x000104c7      0x11f .\CortexM3\ARM_GCC_541\Debug\RTE_Electronic_Clock.a(BUTTON_2.o)
 .debug_info    0x000105e6      0x11f .\CortexM3\ARM_GCC_541\Debug\RTE_Electronic_Clock.a(BUTTON_3.o)
 .debug_info    0x00010705      0x11f .\CortexM3\ARM_GCC_541\Debug\RTE_Electronic_Clock.a(BUTTON_4.o)
 .debug_info    0x00010824      0x11f .\CortexM3\ARM_GCC_541\Debug\RTE_Electronic_Clock.a(LED_red.o)
 .debug_info    0x00010943      0x11f .\CortexM3\ARM_GCC_541\Debug\RTE_Electronic_Clock.a(LED_yellow.o)
 .debug_info    0x00010a62      0x11f .\CortexM3\ARM_GCC_541\Debug\RTE_Electronic_Clock.a(LED_green.o)
 .debug_info    0x00010b81      0x60c .\CortexM3\ARM_GCC_541\Debug\RTE_Electronic_Clock.a(UART_LOG.o)
 .debug_info    0x0001118d      0x278 .\CortexM3\ARM_GCC_541\Debug\RTE_Electronic_Clock.a(RGB_PWM_red.o)
 .debug_info    0x00011405      0x283 .\CortexM3\ARM_GCC_541\Debug\RTE_Electronic_Clock.a(PWM_Clock.o)
 .debug_info    0x00011688      0x278 .\CortexM3\ARM_GCC_541\Debug\RTE_Electronic_Clock.a(RGB_PWM_green.o)
 .debug_info    0x00011900      0x278 .\CortexM3\ARM_GCC_541\Debug\RTE_Electronic_Clock.a(RGB_PWM_blue.o)
 .debug_info    0x00011b78      0x80d .\CortexM3\ARM_GCC_541\Debug\RTE_Electronic_Clock.a(ErikaOS_1_ee_activate.o)
 .debug_info    0x00012385      0x5e5 .\CortexM3\ARM_GCC_541\Debug\RTE_Electronic_Clock.a(ErikaOS_1_ee_alsetrel.o)
 .debug_info    0x0001296a      0xc3b .\CortexM3\ARM_GCC_541\Debug\RTE_Electronic_Clock.a(ErikaOS_1_ee_altick.o)
 .debug_info    0x000135a5      0x5a7 .\CortexM3\ARM_GCC_541\Debug\RTE_Electronic_Clock.a(ErikaOS_1_ee_evclear.o)
 .debug_info    0x00013b4c      0x4ca .\CortexM3\ARM_GCC_541\Debug\RTE_Electronic_Clock.a(ErikaOS_1_ee_evget.o)
 .debug_info    0x00014016      0x7c3 .\CortexM3\ARM_GCC_541\Debug\RTE_Electronic_Clock.a(ErikaOS_1_ee_evset.o)
 .debug_info    0x000147d9      0x84e .\CortexM3\ARM_GCC_541\Debug\RTE_Electronic_Clock.a(ErikaOS_1_ee_evwait.o)
 .debug_info    0x00015027      0x5cb .\CortexM3\ARM_GCC_541\Debug\RTE_Electronic_Clock.a(ErikaOS_1_ee_irqendin.o)
 .debug_info    0x000155f2      0x3d0 .\CortexM3\ARM_GCC_541\Debug\RTE_Electronic_Clock.a(ErikaOS_1_ee_lookup.o)
 .debug_info    0x000159c2      0x46f .\CortexM3\ARM_GCC_541\Debug\RTE_Electronic_Clock.a(ErikaOS_1_ee_rq_exchg.o)
 .debug_info    0x00015e31      0x421 .\CortexM3\ARM_GCC_541\Debug\RTE_Electronic_Clock.a(ErikaOS_1_ee_rq_first.o)
 .debug_info    0x00016252      0x475 .\CortexM3\ARM_GCC_541\Debug\RTE_Electronic_Clock.a(ErikaOS_1_ee_rq_inser.o)
 .debug_info    0x000166c7      0x4f5 .\CortexM3\ARM_GCC_541\Debug\RTE_Electronic_Clock.a(ErikaOS_1_ee_shtdown.o)
 .debug_info    0x00016bbc     0x2040 .\CortexM3\ARM_GCC_541\Debug\RTE_Electronic_Clock.a(ErikaOS_1_ee_startos.o)
 .debug_info    0x00018bfc      0x589 .\CortexM3\ARM_GCC_541\Debug\RTE_Electronic_Clock.a(ErikaOS_1_ee_terminat.o)
 .debug_info    0x00019185      0x513 .\CortexM3\ARM_GCC_541\Debug\RTE_Electronic_Clock.a(ErikaOS_1_cortex_mx_ee_utils.o)
 .debug_info    0x00019698      0x3cb .\CortexM3\ARM_GCC_541\Debug\RTE_Electronic_Clock.a(ErikaOS_1_common_ee_hal_structs.o)
 .debug_info    0x00019a63      0x8b7 .\CortexM3\ARM_GCC_541\Debug\RTE_Electronic_Clock.a(ErikaOS_1_eecfg.o)
 .debug_info    0x0001a31a      0x283 .\CortexM3\ARM_GCC_541\Debug\RTE_Electronic_Clock.a(UART_LOG_IntClock.o)
 .debug_info    0x0001a59d      0x94e .\CortexM3\ARM_GCC_541\Debug\RTE_Electronic_Clock.a(CyDmac.o)
 .debug_info    0x0001aeeb     0x1374 .\CortexM3\ARM_GCC_541\Debug\RTE_Electronic_Clock.a(CyLib.o)
 .debug_info    0x0001c25f      0xa2a .\CortexM3\ARM_GCC_541\Debug\RTE_Electronic_Clock.a(cyPm.o)
 .debug_info    0x0001cc89      0x6f2 .\CortexM3\ARM_GCC_541\Debug\RTE_Electronic_Clock.a(JOYSTICK_ADC_XY.o)
 .debug_info    0x0001d37b       0xa0 .\CortexM3\ARM_GCC_541\Debug\RTE_Electronic_Clock.a(JOYSTICK_ADC_XY_INT.o)
 .debug_info    0x0001d41b      0x2d2 .\CortexM3\ARM_GCC_541\Debug\RTE_Electronic_Clock.a(JOYSTICK_ADC_XY_IRQ.o)
 .debug_info    0x0001d6ed      0x544 .\CortexM3\ARM_GCC_541\Debug\RTE_Electronic_Clock.a(JOYSTICK_ADC_XY_SAR.o)
 .debug_info    0x0001dc31      0x1a8 .\CortexM3\ARM_GCC_541\Debug\RTE_Electronic_Clock.a(JOYSTICK_ADC_XY_TempBuf_dma.o)
 .debug_info    0x0001ddd9      0x1aa .\CortexM3\ARM_GCC_541\Debug\RTE_Electronic_Clock.a(JOYSTICK_ADC_XY_FinalBuf_dma.o)
 .debug_info    0x0001df83      0x493 .\CortexM3\ARM_GCC_541\Debug\RTE_Electronic_Clock.a(SPIM.o)
 .debug_info    0x0001e416      0x11f .\CortexM3\ARM_GCC_541\Debug\RTE_Electronic_Clock.a(RS.o)
 .debug_info    0x0001e535      0x11f .\CortexM3\ARM_GCC_541\Debug\RTE_Electronic_Clock.a(RST.o)
 .debug_info    0x0001e654      0x630 .\CortexM3\ARM_GCC_541\Debug\RTE_Electronic_Clock.a(EEPROM.o)
 .debug_info    0x0001ec84       0xd7 .\CortexM3\ARM_GCC_541\Debug\RTE_Electronic_Clock.a(ErikaOS_1_ee_gnu_change_context_isr.o)
 .debug_info    0x0001ed5b       0xce .\CortexM3\ARM_GCC_541\Debug\RTE_Electronic_Clock.a(ErikaOS_1_ee_gnu_irq_stack.o)
 .debug_info    0x0001ee29       0xd2 .\CortexM3\ARM_GCC_541\Debug\RTE_Electronic_Clock.a(ErikaOS_1_ee_gnu_multi_context.o)
 .debug_info    0x0001eefb       0xc7 .\CortexM3\ARM_GCC_541\Debug\RTE_Electronic_Clock.a(ErikaOS_1_ee_gnu_oo.o)
 .debug_info    0x0001efc2       0xe2 .\CortexM3\ARM_GCC_541\Debug\RTE_Electronic_Clock.a(CyBootAsmGnu.o)
 .debug_info    0x0001f0a4      0x43d .\CortexM3\ARM_GCC_541\Debug\RTE_Electronic_Clock.a(ErikaOS_1_ee_tnterm.o)
 .debug_info    0x0001f4e1      0x487 .\CortexM3\ARM_GCC_541\Debug\RTE_Electronic_Clock.a(ErikaOS_1_ee_tstub.o)
 .debug_info    0x0001f968      0x501 .\CortexM3\ARM_GCC_541\Debug\RTE_Electronic_Clock.a(ErikaOS_1_cortex_mx_ee_context.o)
 .debug_info    0x0001fe69      0x64d .\CortexM3\ARM_GCC_541\Debug\RTE_Electronic_Clock.a(CyFlash.o)
 .debug_info    0x000204b6      0x550 .\CortexM3\ARM_GCC_541\Debug\RTE_Electronic_Clock.a(CySpc.o)
 .debug_info    0x00020a06      0x6f9 .\CortexM3\ARM_GCC_541\Debug\RTE_Electronic_Clock.a(ErikaOS_1_ee_thendin.o)

.debug_abbrev   0x00000000     0x7470
 *(.debug_abbrev)
 .debug_abbrev  0x00000000      0x15b .\CortexM3\ARM_GCC_541\Debug\logging.o
 .debug_abbrev  0x0000015b      0x11e .\CortexM3\ARM_GCC_541\Debug\button.o
 .debug_abbrev  0x00000279      0x15b .\CortexM3\ARM_GCC_541\Debug\joystick.o
 .debug_abbrev  0x000003d4      0x1c7 .\CortexM3\ARM_GCC_541\Debug\led.o
 .debug_abbrev  0x0000059b      0x166 .\CortexM3\ARM_GCC_541\Debug\seven.o
 .debug_abbrev  0x00000701      0x30c .\CortexM3\ARM_GCC_541\Debug\tft.o
 .debug_abbrev  0x00000a0d      0x23a .\CortexM3\ARM_GCC_541\Debug\ugui_st7735.o
 .debug_abbrev  0x00000c47      0x2ad .\CortexM3\ARM_GCC_541\Debug\ugui.o
 .debug_abbrev  0x00000ef4      0x31e .\CortexM3\ARM_GCC_541\Debug\main.o
 .debug_abbrev  0x00001212      0x249 .\CortexM3\ARM_GCC_541\Debug\swc_control.o
 .debug_abbrev  0x0000145b      0x1aa .\CortexM3\ARM_GCC_541\Debug\swc_engine.o
 .debug_abbrev  0x00001605      0x226 .\CortexM3\ARM_GCC_541\Debug\swc_joystick.o
 .debug_abbrev  0x0000182b      0x1bb .\CortexM3\ARM_GCC_541\Debug\swc_brakelight.o
 .debug_abbrev  0x000019e6      0x1aa .\CortexM3\ARM_GCC_541\Debug\swc_lcd.o
 .debug_abbrev  0x00001b90      0x120 .\CortexM3\ARM_GCC_541\Debug\adc_type.o
 .debug_abbrev  0x00001cb0      0x107 .\CortexM3\ARM_GCC_541\Debug\gpio_type.o
 .debug_abbrev  0x00001db7       0xf6 .\CortexM3\ARM_GCC_541\Debug\pwm_type.o
 .debug_abbrev  0x00001ead       0xce .\CortexM3\ARM_GCC_541\Debug\rte_activation.o
 .debug_abbrev  0x00001f7b      0x18d .\CortexM3\ARM_GCC_541\Debug\rte_signalpool.o
 .debug_abbrev  0x00002108      0x1cb .\CortexM3\ARM_GCC_541\Debug\rte.o
 .debug_abbrev  0x000022d3      0x21c .\CortexM3\ARM_GCC_541\Debug\lcd_type.o
 .debug_abbrev  0x000024ef      0x1cf .\CortexM3\ARM_GCC_541\Debug\watchdog.o
 .debug_abbrev  0x000026be      0x20d .\CortexM3\ARM_GCC_541\Debug\cyfitter_cfg.o
 .debug_abbrev  0x000028cb       0x77 .\CortexM3\ARM_GCC_541\Debug\cymetadata.o
 .debug_abbrev  0x00002942      0x1e8 .\CortexM3\ARM_GCC_541\Debug\Cm3Start.o
 .debug_abbrev  0x00002b2a       0x90 .\CortexM3\ARM_GCC_541\Debug\RTE_Electronic_Clock.a(SEVEN_DP.o)
 .debug_abbrev  0x00002bba       0x90 .\CortexM3\ARM_GCC_541\Debug\RTE_Electronic_Clock.a(SEVEN_SELECT.o)
 .debug_abbrev  0x00002c4a       0x81 .\CortexM3\ARM_GCC_541\Debug\RTE_Electronic_Clock.a(SEVEN_reg.o)
 .debug_abbrev  0x00002ccb       0x90 .\CortexM3\ARM_GCC_541\Debug\RTE_Electronic_Clock.a(BUTTON_1.o)
 .debug_abbrev  0x00002d5b      0x173 .\CortexM3\ARM_GCC_541\Debug\RTE_Electronic_Clock.a(isr_Button.o)
 .debug_abbrev  0x00002ece       0x90 .\CortexM3\ARM_GCC_541\Debug\RTE_Electronic_Clock.a(BUTTON_2.o)
 .debug_abbrev  0x00002f5e       0x90 .\CortexM3\ARM_GCC_541\Debug\RTE_Electronic_Clock.a(BUTTON_3.o)
 .debug_abbrev  0x00002fee       0x90 .\CortexM3\ARM_GCC_541\Debug\RTE_Electronic_Clock.a(BUTTON_4.o)
 .debug_abbrev  0x0000307e       0x90 .\CortexM3\ARM_GCC_541\Debug\RTE_Electronic_Clock.a(LED_red.o)
 .debug_abbrev  0x0000310e       0x90 .\CortexM3\ARM_GCC_541\Debug\RTE_Electronic_Clock.a(LED_yellow.o)
 .debug_abbrev  0x0000319e       0x90 .\CortexM3\ARM_GCC_541\Debug\RTE_Electronic_Clock.a(LED_green.o)
 .debug_abbrev  0x0000322e      0x175 .\CortexM3\ARM_GCC_541\Debug\RTE_Electronic_Clock.a(UART_LOG.o)
 .debug_abbrev  0x000033a3      0x12d .\CortexM3\ARM_GCC_541\Debug\RTE_Electronic_Clock.a(RGB_PWM_red.o)
 .debug_abbrev  0x000034d0      0x139 .\CortexM3\ARM_GCC_541\Debug\RTE_Electronic_Clock.a(PWM_Clock.o)
 .debug_abbrev  0x00003609      0x12d .\CortexM3\ARM_GCC_541\Debug\RTE_Electronic_Clock.a(RGB_PWM_green.o)
 .debug_abbrev  0x00003736      0x12d .\CortexM3\ARM_GCC_541\Debug\RTE_Electronic_Clock.a(RGB_PWM_blue.o)
 .debug_abbrev  0x00003863      0x284 .\CortexM3\ARM_GCC_541\Debug\RTE_Electronic_Clock.a(ErikaOS_1_ee_activate.o)
 .debug_abbrev  0x00003ae7      0x1f7 .\CortexM3\ARM_GCC_541\Debug\RTE_Electronic_Clock.a(ErikaOS_1_ee_alsetrel.o)
 .debug_abbrev  0x00003cde      0x362 .\CortexM3\ARM_GCC_541\Debug\RTE_Electronic_Clock.a(ErikaOS_1_ee_altick.o)
 .debug_abbrev  0x00004040      0x1e0 .\CortexM3\ARM_GCC_541\Debug\RTE_Electronic_Clock.a(ErikaOS_1_ee_evclear.o)
 .debug_abbrev  0x00004220      0x150 .\CortexM3\ARM_GCC_541\Debug\RTE_Electronic_Clock.a(ErikaOS_1_ee_evget.o)
 .debug_abbrev  0x00004370      0x27f .\CortexM3\ARM_GCC_541\Debug\RTE_Electronic_Clock.a(ErikaOS_1_ee_evset.o)
 .debug_abbrev  0x000045ef      0x25d .\CortexM3\ARM_GCC_541\Debug\RTE_Electronic_Clock.a(ErikaOS_1_ee_evwait.o)
 .debug_abbrev  0x0000484c      0x1da .\CortexM3\ARM_GCC_541\Debug\RTE_Electronic_Clock.a(ErikaOS_1_ee_irqendin.o)
 .debug_abbrev  0x00004a26       0xcf .\CortexM3\ARM_GCC_541\Debug\RTE_Electronic_Clock.a(ErikaOS_1_ee_lookup.o)
 .debug_abbrev  0x00004af5       0xfc .\CortexM3\ARM_GCC_541\Debug\RTE_Electronic_Clock.a(ErikaOS_1_ee_rq_exchg.o)
 .debug_abbrev  0x00004bf1       0xed .\CortexM3\ARM_GCC_541\Debug\RTE_Electronic_Clock.a(ErikaOS_1_ee_rq_first.o)
 .debug_abbrev  0x00004cde      0x109 .\CortexM3\ARM_GCC_541\Debug\RTE_Electronic_Clock.a(ErikaOS_1_ee_rq_inser.o)
 .debug_abbrev  0x00004de7      0x193 .\CortexM3\ARM_GCC_541\Debug\RTE_Electronic_Clock.a(ErikaOS_1_ee_shtdown.o)
 .debug_abbrev  0x00004f7a      0x4a7 .\CortexM3\ARM_GCC_541\Debug\RTE_Electronic_Clock.a(ErikaOS_1_ee_startos.o)
 .debug_abbrev  0x00005421      0x1de .\CortexM3\ARM_GCC_541\Debug\RTE_Electronic_Clock.a(ErikaOS_1_ee_terminat.o)
 .debug_abbrev  0x000055ff      0x1e3 .\CortexM3\ARM_GCC_541\Debug\RTE_Electronic_Clock.a(ErikaOS_1_cortex_mx_ee_utils.o)
 .debug_abbrev  0x000057e2       0xcf .\CortexM3\ARM_GCC_541\Debug\RTE_Electronic_Clock.a(ErikaOS_1_common_ee_hal_structs.o)
 .debug_abbrev  0x000058b1      0x130 .\CortexM3\ARM_GCC_541\Debug\RTE_Electronic_Clock.a(ErikaOS_1_eecfg.o)
 .debug_abbrev  0x000059e1      0x139 .\CortexM3\ARM_GCC_541\Debug\RTE_Electronic_Clock.a(UART_LOG_IntClock.o)
 .debug_abbrev  0x00005b1a      0x1b2 .\CortexM3\ARM_GCC_541\Debug\RTE_Electronic_Clock.a(CyDmac.o)
 .debug_abbrev  0x00005ccc      0x254 .\CortexM3\ARM_GCC_541\Debug\RTE_Electronic_Clock.a(CyLib.o)
 .debug_abbrev  0x00005f20      0x1ab .\CortexM3\ARM_GCC_541\Debug\RTE_Electronic_Clock.a(cyPm.o)
 .debug_abbrev  0x000060cb      0x13e .\CortexM3\ARM_GCC_541\Debug\RTE_Electronic_Clock.a(JOYSTICK_ADC_XY.o)
 .debug_abbrev  0x00006209       0x42 .\CortexM3\ARM_GCC_541\Debug\RTE_Electronic_Clock.a(JOYSTICK_ADC_XY_INT.o)
 .debug_abbrev  0x0000624b      0x173 .\CortexM3\ARM_GCC_541\Debug\RTE_Electronic_Clock.a(JOYSTICK_ADC_XY_IRQ.o)
 .debug_abbrev  0x000063be      0x1ac .\CortexM3\ARM_GCC_541\Debug\RTE_Electronic_Clock.a(JOYSTICK_ADC_XY_SAR.o)
 .debug_abbrev  0x0000656a       0xcd .\CortexM3\ARM_GCC_541\Debug\RTE_Electronic_Clock.a(JOYSTICK_ADC_XY_TempBuf_dma.o)
 .debug_abbrev  0x00006637       0xcd .\CortexM3\ARM_GCC_541\Debug\RTE_Electronic_Clock.a(JOYSTICK_ADC_XY_FinalBuf_dma.o)
 .debug_abbrev  0x00006704      0x146 .\CortexM3\ARM_GCC_541\Debug\RTE_Electronic_Clock.a(SPIM.o)
 .debug_abbrev  0x0000684a       0x90 .\CortexM3\ARM_GCC_541\Debug\RTE_Electronic_Clock.a(RS.o)
 .debug_abbrev  0x000068da       0x90 .\CortexM3\ARM_GCC_541\Debug\RTE_Electronic_Clock.a(RST.o)
 .debug_abbrev  0x0000696a      0x14e .\CortexM3\ARM_GCC_541\Debug\RTE_Electronic_Clock.a(EEPROM.o)
 .debug_abbrev  0x00006ab8       0x14 .\CortexM3\ARM_GCC_541\Debug\RTE_Electronic_Clock.a(ErikaOS_1_ee_gnu_change_context_isr.o)
 .debug_abbrev  0x00006acc       0x14 .\CortexM3\ARM_GCC_541\Debug\RTE_Electronic_Clock.a(ErikaOS_1_ee_gnu_irq_stack.o)
 .debug_abbrev  0x00006ae0       0x14 .\CortexM3\ARM_GCC_541\Debug\RTE_Electronic_Clock.a(ErikaOS_1_ee_gnu_multi_context.o)
 .debug_abbrev  0x00006af4       0x14 .\CortexM3\ARM_GCC_541\Debug\RTE_Electronic_Clock.a(ErikaOS_1_ee_gnu_oo.o)
 .debug_abbrev  0x00006b08       0x14 .\CortexM3\ARM_GCC_541\Debug\RTE_Electronic_Clock.a(CyBootAsmGnu.o)
 .debug_abbrev  0x00006b1c      0x157 .\CortexM3\ARM_GCC_541\Debug\RTE_Electronic_Clock.a(ErikaOS_1_ee_tnterm.o)
 .debug_abbrev  0x00006c73      0x143 .\CortexM3\ARM_GCC_541\Debug\RTE_Electronic_Clock.a(ErikaOS_1_ee_tstub.o)
 .debug_abbrev  0x00006db6      0x156 .\CortexM3\ARM_GCC_541\Debug\RTE_Electronic_Clock.a(ErikaOS_1_cortex_mx_ee_context.o)
 .debug_abbrev  0x00006f0c      0x1a7 .\CortexM3\ARM_GCC_541\Debug\RTE_Electronic_Clock.a(CyFlash.o)
 .debug_abbrev  0x000070b3      0x194 .\CortexM3\ARM_GCC_541\Debug\RTE_Electronic_Clock.a(CySpc.o)
 .debug_abbrev  0x00007247      0x229 .\CortexM3\ARM_GCC_541\Debug\RTE_Electronic_Clock.a(ErikaOS_1_ee_thendin.o)

.debug_line     0x00000000     0xbccc
 *(.debug_line)
 .debug_line    0x00000000      0x26b .\CortexM3\ARM_GCC_541\Debug\logging.o
 .debug_line    0x0000026b      0x2bd .\CortexM3\ARM_GCC_541\Debug\button.o
 .debug_line    0x00000528      0x267 .\CortexM3\ARM_GCC_541\Debug\joystick.o
 .debug_line    0x0000078f      0x372 .\CortexM3\ARM_GCC_541\Debug\led.o
 .debug_line    0x00000b01      0x2e4 .\CortexM3\ARM_GCC_541\Debug\seven.o
 .debug_line    0x00000de5      0x88e .\CortexM3\ARM_GCC_541\Debug\tft.o
 .debug_line    0x00001673      0x3bc .\CortexM3\ARM_GCC_541\Debug\ugui_st7735.o
 .debug_line    0x00001a2f     0x19fc .\CortexM3\ARM_GCC_541\Debug\ugui.o
 .debug_line    0x0000342b      0x5db .\CortexM3\ARM_GCC_541\Debug\main.o
 .debug_line    0x00003a06      0x3b6 .\CortexM3\ARM_GCC_541\Debug\swc_control.o
 .debug_line    0x00003dbc      0x2c7 .\CortexM3\ARM_GCC_541\Debug\swc_engine.o
 .debug_line    0x00004083      0x2fe .\CortexM3\ARM_GCC_541\Debug\swc_joystick.o
 .debug_line    0x00004381      0x2ec .\CortexM3\ARM_GCC_541\Debug\swc_brakelight.o
 .debug_line    0x0000466d      0x2d1 .\CortexM3\ARM_GCC_541\Debug\swc_lcd.o
 .debug_line    0x0000493e      0x277 .\CortexM3\ARM_GCC_541\Debug\adc_type.o
 .debug_line    0x00004bb5      0x26f .\CortexM3\ARM_GCC_541\Debug\gpio_type.o
 .debug_line    0x00004e24      0x272 .\CortexM3\ARM_GCC_541\Debug\pwm_type.o
 .debug_line    0x00005096      0x233 .\CortexM3\ARM_GCC_541\Debug\rte_activation.o
 .debug_line    0x000052c9      0x314 .\CortexM3\ARM_GCC_541\Debug\rte_signalpool.o
 .debug_line    0x000055dd      0x2ce .\CortexM3\ARM_GCC_541\Debug\rte.o
 .debug_line    0x000058ab      0x2be .\CortexM3\ARM_GCC_541\Debug\lcd_type.o
 .debug_line    0x00005b69      0x312 .\CortexM3\ARM_GCC_541\Debug\watchdog.o
 .debug_line    0x00005e7b      0x209 .\CortexM3\ARM_GCC_541\Debug\cyfitter_cfg.o
 .debug_line    0x00006084      0x141 .\CortexM3\ARM_GCC_541\Debug\cymetadata.o
 .debug_line    0x000061c5      0x241 .\CortexM3\ARM_GCC_541\Debug\Cm3Start.o
 .debug_line    0x00006406       0x95 .\CortexM3\ARM_GCC_541\Debug\RTE_Electronic_Clock.a(SEVEN_DP.o)
 .debug_line    0x0000649b       0x99 .\CortexM3\ARM_GCC_541\Debug\RTE_Electronic_Clock.a(SEVEN_SELECT.o)
 .debug_line    0x00006534       0x71 .\CortexM3\ARM_GCC_541\Debug\RTE_Electronic_Clock.a(SEVEN_reg.o)
 .debug_line    0x000065a5       0x95 .\CortexM3\ARM_GCC_541\Debug\RTE_Electronic_Clock.a(BUTTON_1.o)
 .debug_line    0x0000663a      0x137 .\CortexM3\ARM_GCC_541\Debug\RTE_Electronic_Clock.a(isr_Button.o)
 .debug_line    0x00006771       0x95 .\CortexM3\ARM_GCC_541\Debug\RTE_Electronic_Clock.a(BUTTON_2.o)
 .debug_line    0x00006806       0x95 .\CortexM3\ARM_GCC_541\Debug\RTE_Electronic_Clock.a(BUTTON_3.o)
 .debug_line    0x0000689b       0x95 .\CortexM3\ARM_GCC_541\Debug\RTE_Electronic_Clock.a(BUTTON_4.o)
 .debug_line    0x00006930       0x94 .\CortexM3\ARM_GCC_541\Debug\RTE_Electronic_Clock.a(LED_red.o)
 .debug_line    0x000069c4       0x97 .\CortexM3\ARM_GCC_541\Debug\RTE_Electronic_Clock.a(LED_yellow.o)
 .debug_line    0x00006a5b       0x96 .\CortexM3\ARM_GCC_541\Debug\RTE_Electronic_Clock.a(LED_green.o)
 .debug_line    0x00006af1      0x2c4 .\CortexM3\ARM_GCC_541\Debug\RTE_Electronic_Clock.a(UART_LOG.o)
 .debug_line    0x00006db5      0x140 .\CortexM3\ARM_GCC_541\Debug\RTE_Electronic_Clock.a(RGB_PWM_red.o)
 .debug_line    0x00006ef5      0x178 .\CortexM3\ARM_GCC_541\Debug\RTE_Electronic_Clock.a(PWM_Clock.o)
 .debug_line    0x0000706d      0x142 .\CortexM3\ARM_GCC_541\Debug\RTE_Electronic_Clock.a(RGB_PWM_green.o)
 .debug_line    0x000071af      0x141 .\CortexM3\ARM_GCC_541\Debug\RTE_Electronic_Clock.a(RGB_PWM_blue.o)
 .debug_line    0x000072f0      0x1fa .\CortexM3\ARM_GCC_541\Debug\RTE_Electronic_Clock.a(ErikaOS_1_ee_activate.o)
 .debug_line    0x000074ea      0x1d1 .\CortexM3\ARM_GCC_541\Debug\RTE_Electronic_Clock.a(ErikaOS_1_ee_alsetrel.o)
 .debug_line    0x000076bb      0x305 .\CortexM3\ARM_GCC_541\Debug\RTE_Electronic_Clock.a(ErikaOS_1_ee_altick.o)
 .debug_line    0x000079c0      0x1d5 .\CortexM3\ARM_GCC_541\Debug\RTE_Electronic_Clock.a(ErikaOS_1_ee_evclear.o)
 .debug_line    0x00007b95      0x15b .\CortexM3\ARM_GCC_541\Debug\RTE_Electronic_Clock.a(ErikaOS_1_ee_evget.o)
 .debug_line    0x00007cf0      0x1f7 .\CortexM3\ARM_GCC_541\Debug\RTE_Electronic_Clock.a(ErikaOS_1_ee_evset.o)
 .debug_line    0x00007ee7      0x203 .\CortexM3\ARM_GCC_541\Debug\RTE_Electronic_Clock.a(ErikaOS_1_ee_evwait.o)
 .debug_line    0x000080ea      0x1a0 .\CortexM3\ARM_GCC_541\Debug\RTE_Electronic_Clock.a(ErikaOS_1_ee_irqendin.o)
 .debug_line    0x0000828a      0x119 .\CortexM3\ARM_GCC_541\Debug\RTE_Electronic_Clock.a(ErikaOS_1_ee_lookup.o)
 .debug_line    0x000083a3      0x15b .\CortexM3\ARM_GCC_541\Debug\RTE_Electronic_Clock.a(ErikaOS_1_ee_rq_exchg.o)
 .debug_line    0x000084fe      0x152 .\CortexM3\ARM_GCC_541\Debug\RTE_Electronic_Clock.a(ErikaOS_1_ee_rq_first.o)
 .debug_line    0x00008650      0x156 .\CortexM3\ARM_GCC_541\Debug\RTE_Electronic_Clock.a(ErikaOS_1_ee_rq_inser.o)
 .debug_line    0x000087a6      0x179 .\CortexM3\ARM_GCC_541\Debug\RTE_Electronic_Clock.a(ErikaOS_1_ee_shtdown.o)
 .debug_line    0x0000891f      0x3fa .\CortexM3\ARM_GCC_541\Debug\RTE_Electronic_Clock.a(ErikaOS_1_ee_startos.o)
 .debug_line    0x00008d19      0x1c0 .\CortexM3\ARM_GCC_541\Debug\RTE_Electronic_Clock.a(ErikaOS_1_ee_terminat.o)
 .debug_line    0x00008ed9      0x184 .\CortexM3\ARM_GCC_541\Debug\RTE_Electronic_Clock.a(ErikaOS_1_cortex_mx_ee_utils.o)
 .debug_line    0x0000905d       0xf9 .\CortexM3\ARM_GCC_541\Debug\RTE_Electronic_Clock.a(ErikaOS_1_common_ee_hal_structs.o)
 .debug_line    0x00009156      0x13c .\CortexM3\ARM_GCC_541\Debug\RTE_Electronic_Clock.a(ErikaOS_1_eecfg.o)
 .debug_line    0x00009292      0x180 .\CortexM3\ARM_GCC_541\Debug\RTE_Electronic_Clock.a(UART_LOG_IntClock.o)
 .debug_line    0x00009412      0x2e4 .\CortexM3\ARM_GCC_541\Debug\RTE_Electronic_Clock.a(CyDmac.o)
 .debug_line    0x000096f6      0x816 .\CortexM3\ARM_GCC_541\Debug\RTE_Electronic_Clock.a(CyLib.o)
 .debug_line    0x00009f0c      0x367 .\CortexM3\ARM_GCC_541\Debug\RTE_Electronic_Clock.a(cyPm.o)
 .debug_line    0x0000a273      0x23e .\CortexM3\ARM_GCC_541\Debug\RTE_Electronic_Clock.a(JOYSTICK_ADC_XY.o)
 .debug_line    0x0000a4b1       0x5c .\CortexM3\ARM_GCC_541\Debug\RTE_Electronic_Clock.a(JOYSTICK_ADC_XY_INT.o)
 .debug_line    0x0000a50d      0x140 .\CortexM3\ARM_GCC_541\Debug\RTE_Electronic_Clock.a(JOYSTICK_ADC_XY_IRQ.o)
 .debug_line    0x0000a64d      0x20d .\CortexM3\ARM_GCC_541\Debug\RTE_Electronic_Clock.a(JOYSTICK_ADC_XY_SAR.o)
 .debug_line    0x0000a85a       0x94 .\CortexM3\ARM_GCC_541\Debug\RTE_Electronic_Clock.a(JOYSTICK_ADC_XY_TempBuf_dma.o)
 .debug_line    0x0000a8ee       0x95 .\CortexM3\ARM_GCC_541\Debug\RTE_Electronic_Clock.a(JOYSTICK_ADC_XY_FinalBuf_dma.o)
 .debug_line    0x0000a983      0x22e .\CortexM3\ARM_GCC_541\Debug\RTE_Electronic_Clock.a(SPIM.o)
 .debug_line    0x0000abb1       0x8f .\CortexM3\ARM_GCC_541\Debug\RTE_Electronic_Clock.a(RS.o)
 .debug_line    0x0000ac40       0x90 .\CortexM3\ARM_GCC_541\Debug\RTE_Electronic_Clock.a(RST.o)
 .debug_line    0x0000acd0      0x264 .\CortexM3\ARM_GCC_541\Debug\RTE_Electronic_Clock.a(EEPROM.o)
 .debug_line    0x0000af34       0xae .\CortexM3\ARM_GCC_541\Debug\RTE_Electronic_Clock.a(ErikaOS_1_ee_gnu_change_context_isr.o)
 .debug_line    0x0000afe2       0x74 .\CortexM3\ARM_GCC_541\Debug\RTE_Electronic_Clock.a(ErikaOS_1_ee_gnu_irq_stack.o)
 .debug_line    0x0000b056       0x9d .\CortexM3\ARM_GCC_541\Debug\RTE_Electronic_Clock.a(ErikaOS_1_ee_gnu_multi_context.o)
 .debug_line    0x0000b0f3       0x99 .\CortexM3\ARM_GCC_541\Debug\RTE_Electronic_Clock.a(ErikaOS_1_ee_gnu_oo.o)
 .debug_line    0x0000b18c       0x66 .\CortexM3\ARM_GCC_541\Debug\RTE_Electronic_Clock.a(CyBootAsmGnu.o)
 .debug_line    0x0000b1f2      0x17b .\CortexM3\ARM_GCC_541\Debug\RTE_Electronic_Clock.a(ErikaOS_1_ee_tnterm.o)
 .debug_line    0x0000b36d      0x172 .\CortexM3\ARM_GCC_541\Debug\RTE_Electronic_Clock.a(ErikaOS_1_ee_tstub.o)
 .debug_line    0x0000b4df      0x1ac .\CortexM3\ARM_GCC_541\Debug\RTE_Electronic_Clock.a(ErikaOS_1_cortex_mx_ee_context.o)
 .debug_line    0x0000b68b      0x21a .\CortexM3\ARM_GCC_541\Debug\RTE_Electronic_Clock.a(CyFlash.o)
 .debug_line    0x0000b8a5      0x260 .\CortexM3\ARM_GCC_541\Debug\RTE_Electronic_Clock.a(CySpc.o)
 .debug_line    0x0000bb05      0x1c7 .\CortexM3\ARM_GCC_541\Debug\RTE_Electronic_Clock.a(ErikaOS_1_ee_thendin.o)

.debug_frame    0x00000000     0x4f2c
 *(.debug_frame)
 .debug_frame   0x00000000       0x48 .\CortexM3\ARM_GCC_541\Debug\logging.o
 .debug_frame   0x00000048       0x4c .\CortexM3\ARM_GCC_541\Debug\button.o
 .debug_frame   0x00000094       0x4c .\CortexM3\ARM_GCC_541\Debug\joystick.o
 .debug_frame   0x000000e0       0x8c .\CortexM3\ARM_GCC_541\Debug\led.o
 .debug_frame   0x0000016c       0xcc .\CortexM3\ARM_GCC_541\Debug\seven.o
 .debug_frame   0x00000238      0x5bc .\CortexM3\ARM_GCC_541\Debug\tft.o
 .debug_frame   0x000007f4      0x124 .\CortexM3\ARM_GCC_541\Debug\ugui_st7735.o
 .debug_frame   0x00000918     0x139c .\CortexM3\ARM_GCC_541\Debug\ugui.o
 .debug_frame   0x00001cb4      0x140 .\CortexM3\ARM_GCC_541\Debug\main.o
 .debug_frame   0x00001df4       0x38 .\CortexM3\ARM_GCC_541\Debug\swc_control.o
 .debug_frame   0x00001e2c       0x2c .\CortexM3\ARM_GCC_541\Debug\swc_engine.o
 .debug_frame   0x00001e58       0x34 .\CortexM3\ARM_GCC_541\Debug\swc_joystick.o
 .debug_frame   0x00001e8c       0x2c .\CortexM3\ARM_GCC_541\Debug\swc_brakelight.o
 .debug_frame   0x00001eb8       0x2c .\CortexM3\ARM_GCC_541\Debug\swc_lcd.o
 .debug_frame   0x00001ee4       0x40 .\CortexM3\ARM_GCC_541\Debug\adc_type.o
 .debug_frame   0x00001f24       0x3c .\CortexM3\ARM_GCC_541\Debug\gpio_type.o
 .debug_frame   0x00001f60       0x3c .\CortexM3\ARM_GCC_541\Debug\pwm_type.o
 .debug_frame   0x00001f9c       0x20 .\CortexM3\ARM_GCC_541\Debug\rte_signalpool.o
 .debug_frame   0x00001fbc       0x60 .\CortexM3\ARM_GCC_541\Debug\rte.o
 .debug_frame   0x0000201c       0x40 .\CortexM3\ARM_GCC_541\Debug\lcd_type.o
 .debug_frame   0x0000205c       0x68 .\CortexM3\ARM_GCC_541\Debug\watchdog.o
 .debug_frame   0x000020c4       0xfc .\CortexM3\ARM_GCC_541\Debug\cyfitter_cfg.o
 .debug_frame   0x000021c0       0xb8 .\CortexM3\ARM_GCC_541\Debug\Cm3Start.o
 .debug_frame   0x00002278       0x50 .\CortexM3\ARM_GCC_541\Debug\RTE_Electronic_Clock.a(SEVEN_DP.o)
 .debug_frame   0x000022c8       0x50 .\CortexM3\ARM_GCC_541\Debug\RTE_Electronic_Clock.a(SEVEN_SELECT.o)
 .debug_frame   0x00002318       0x30 .\CortexM3\ARM_GCC_541\Debug\RTE_Electronic_Clock.a(SEVEN_reg.o)
 .debug_frame   0x00002348       0x50 .\CortexM3\ARM_GCC_541\Debug\RTE_Electronic_Clock.a(BUTTON_1.o)
 .debug_frame   0x00002398      0x104 .\CortexM3\ARM_GCC_541\Debug\RTE_Electronic_Clock.a(isr_Button.o)
 .debug_frame   0x0000249c       0x50 .\CortexM3\ARM_GCC_541\Debug\RTE_Electronic_Clock.a(BUTTON_2.o)
 .debug_frame   0x000024ec       0x50 .\CortexM3\ARM_GCC_541\Debug\RTE_Electronic_Clock.a(BUTTON_3.o)
 .debug_frame   0x0000253c       0x50 .\CortexM3\ARM_GCC_541\Debug\RTE_Electronic_Clock.a(BUTTON_4.o)
 .debug_frame   0x0000258c       0x50 .\CortexM3\ARM_GCC_541\Debug\RTE_Electronic_Clock.a(LED_red.o)
 .debug_frame   0x000025dc       0x50 .\CortexM3\ARM_GCC_541\Debug\RTE_Electronic_Clock.a(LED_yellow.o)
 .debug_frame   0x0000262c       0x50 .\CortexM3\ARM_GCC_541\Debug\RTE_Electronic_Clock.a(LED_green.o)
 .debug_frame   0x0000267c      0x250 .\CortexM3\ARM_GCC_541\Debug\RTE_Electronic_Clock.a(UART_LOG.o)
 .debug_frame   0x000028cc       0xf8 .\CortexM3\ARM_GCC_541\Debug\RTE_Electronic_Clock.a(RGB_PWM_red.o)
 .debug_frame   0x000029c4       0xe0 .\CortexM3\ARM_GCC_541\Debug\RTE_Electronic_Clock.a(PWM_Clock.o)
 .debug_frame   0x00002aa4       0xf8 .\CortexM3\ARM_GCC_541\Debug\RTE_Electronic_Clock.a(RGB_PWM_green.o)
 .debug_frame   0x00002b9c       0xf8 .\CortexM3\ARM_GCC_541\Debug\RTE_Electronic_Clock.a(RGB_PWM_blue.o)
 .debug_frame   0x00002c94       0x30 .\CortexM3\ARM_GCC_541\Debug\RTE_Electronic_Clock.a(ErikaOS_1_ee_activate.o)
 .debug_frame   0x00002cc4       0x38 .\CortexM3\ARM_GCC_541\Debug\RTE_Electronic_Clock.a(ErikaOS_1_ee_alsetrel.o)
 .debug_frame   0x00002cfc      0x10c .\CortexM3\ARM_GCC_541\Debug\RTE_Electronic_Clock.a(ErikaOS_1_ee_altick.o)
 .debug_frame   0x00002e08       0x38 .\CortexM3\ARM_GCC_541\Debug\RTE_Electronic_Clock.a(ErikaOS_1_ee_evclear.o)
 .debug_frame   0x00002e40       0x20 .\CortexM3\ARM_GCC_541\Debug\RTE_Electronic_Clock.a(ErikaOS_1_ee_evget.o)
 .debug_frame   0x00002e60       0x30 .\CortexM3\ARM_GCC_541\Debug\RTE_Electronic_Clock.a(ErikaOS_1_ee_evset.o)
 .debug_frame   0x00002e90       0x30 .\CortexM3\ARM_GCC_541\Debug\RTE_Electronic_Clock.a(ErikaOS_1_ee_evwait.o)
 .debug_frame   0x00002ec0       0x58 .\CortexM3\ARM_GCC_541\Debug\RTE_Electronic_Clock.a(ErikaOS_1_ee_irqendin.o)
 .debug_frame   0x00002f18       0x3c .\CortexM3\ARM_GCC_541\Debug\RTE_Electronic_Clock.a(ErikaOS_1_ee_rq_exchg.o)
 .debug_frame   0x00002f54       0x20 .\CortexM3\ARM_GCC_541\Debug\RTE_Electronic_Clock.a(ErikaOS_1_ee_rq_first.o)
 .debug_frame   0x00002f74       0x30 .\CortexM3\ARM_GCC_541\Debug\RTE_Electronic_Clock.a(ErikaOS_1_ee_rq_inser.o)
 .debug_frame   0x00002fa4       0x58 .\CortexM3\ARM_GCC_541\Debug\RTE_Electronic_Clock.a(ErikaOS_1_ee_shtdown.o)
 .debug_frame   0x00002ffc       0x90 .\CortexM3\ARM_GCC_541\Debug\RTE_Electronic_Clock.a(ErikaOS_1_ee_startos.o)
 .debug_frame   0x0000308c       0x2c .\CortexM3\ARM_GCC_541\Debug\RTE_Electronic_Clock.a(ErikaOS_1_ee_terminat.o)
 .debug_frame   0x000030b8       0x30 .\CortexM3\ARM_GCC_541\Debug\RTE_Electronic_Clock.a(ErikaOS_1_cortex_mx_ee_utils.o)
 .debug_frame   0x000030e8       0xe0 .\CortexM3\ARM_GCC_541\Debug\RTE_Electronic_Clock.a(UART_LOG_IntClock.o)
 .debug_frame   0x000031c8      0x1f8 .\CortexM3\ARM_GCC_541\Debug\RTE_Electronic_Clock.a(CyDmac.o)
 .debug_frame   0x000033c0      0x738 .\CortexM3\ARM_GCC_541\Debug\RTE_Electronic_Clock.a(CyLib.o)
 .debug_frame   0x00003af8      0x1f8 .\CortexM3\ARM_GCC_541\Debug\RTE_Electronic_Clock.a(cyPm.o)
 .debug_frame   0x00003cf0      0x1dc .\CortexM3\ARM_GCC_541\Debug\RTE_Electronic_Clock.a(JOYSTICK_ADC_XY.o)
 .debug_frame   0x00003ecc       0x20 .\CortexM3\ARM_GCC_541\Debug\RTE_Electronic_Clock.a(JOYSTICK_ADC_XY_INT.o)
 .debug_frame   0x00003eec      0x104 .\CortexM3\ARM_GCC_541\Debug\RTE_Electronic_Clock.a(JOYSTICK_ADC_XY_IRQ.o)
 .debug_frame   0x00003ff0      0x1b0 .\CortexM3\ARM_GCC_541\Debug\RTE_Electronic_Clock.a(JOYSTICK_ADC_XY_SAR.o)
 .debug_frame   0x000041a0       0x54 .\CortexM3\ARM_GCC_541\Debug\RTE_Electronic_Clock.a(JOYSTICK_ADC_XY_TempBuf_dma.o)
 .debug_frame   0x000041f4       0x54 .\CortexM3\ARM_GCC_541\Debug\RTE_Electronic_Clock.a(JOYSTICK_ADC_XY_FinalBuf_dma.o)
 .debug_frame   0x00004248      0x1e8 .\CortexM3\ARM_GCC_541\Debug\RTE_Electronic_Clock.a(SPIM.o)
 .debug_frame   0x00004430       0x50 .\CortexM3\ARM_GCC_541\Debug\RTE_Electronic_Clock.a(RS.o)
 .debug_frame   0x00004480       0x50 .\CortexM3\ARM_GCC_541\Debug\RTE_Electronic_Clock.a(RST.o)
 .debug_frame   0x000044d0      0x17c .\CortexM3\ARM_GCC_541\Debug\RTE_Electronic_Clock.a(EEPROM.o)
 .debug_frame   0x0000464c       0x2c .\CortexM3\ARM_GCC_541\Debug\RTE_Electronic_Clock.a(ErikaOS_1_ee_tnterm.o)
 .debug_frame   0x00004678       0x2c .\CortexM3\ARM_GCC_541\Debug\RTE_Electronic_Clock.a(ErikaOS_1_ee_tstub.o)
 .debug_frame   0x000046a4       0x3c .\CortexM3\ARM_GCC_541\Debug\RTE_Electronic_Clock.a(ErikaOS_1_cortex_mx_ee_context.o)
 .debug_frame   0x000046e0      0x194 .\CortexM3\ARM_GCC_541\Debug\RTE_Electronic_Clock.a(CyFlash.o)
 .debug_frame   0x00004874      0x180 .\CortexM3\ARM_GCC_541\Debug\RTE_Electronic_Clock.a(CySpc.o)
 .debug_frame   0x000049f4       0x5c .\CortexM3\ARM_GCC_541\Debug\RTE_Electronic_Clock.a(ErikaOS_1_ee_thendin.o)
 .debug_frame   0x00004a50       0x44 c:/program files (x86)/cypress/psoc creator/4.4/psoc creator/import/gnu/arm/5.4.1/bin/../lib/gcc/arm-none-eabi/5.4.1/armv7-m\libgcc.a(_aeabi_ldivmod.o)
 .debug_frame   0x00004a94       0x38 c:/program files (x86)/cypress/psoc creator/4.4/psoc creator/import/gnu/arm/5.4.1/bin/../lib/gcc/arm-none-eabi/5.4.1/armv7-m\libgcc.a(_udivmoddi4.o)
 .debug_frame   0x00004acc       0x20 c:/program files (x86)/cypress/psoc creator/4.4/psoc creator/import/gnu/arm/5.4.1/bin/../lib/gcc/arm-none-eabi/5.4.1/../../../../arm-none-eabi/lib/armv7-m\libg_nano.a(lib_a-errno.o)
 .debug_frame   0x00004aec       0x28 c:/program files (x86)/cypress/psoc creator/4.4/psoc creator/import/gnu/arm/5.4.1/bin/../lib/gcc/arm-none-eabi/5.4.1/../../../../arm-none-eabi/lib/armv7-m\libg_nano.a(lib_a-exit.o)
 .debug_frame   0x00004b14       0x2c c:/program files (x86)/cypress/psoc creator/4.4/psoc creator/import/gnu/arm/5.4.1/bin/../lib/gcc/arm-none-eabi/5.4.1/../../../../arm-none-eabi/lib/armv7-m\libg_nano.a(lib_a-init.o)
 .debug_frame   0x00004b40       0x38 c:/program files (x86)/cypress/psoc creator/4.4/psoc creator/import/gnu/arm/5.4.1/bin/../lib/gcc/arm-none-eabi/5.4.1/../../../../arm-none-eabi/lib/armv7-m\libg_nano.a(lib_a-itoa.o)
 .debug_frame   0x00004b78       0x28 c:/program files (x86)/cypress/psoc creator/4.4/psoc creator/import/gnu/arm/5.4.1/bin/../lib/gcc/arm-none-eabi/5.4.1/../../../../arm-none-eabi/lib/armv7-m\libg_nano.a(lib_a-memcpy-stub.o)
 .debug_frame   0x00004ba0       0x20 c:/program files (x86)/cypress/psoc creator/4.4/psoc creator/import/gnu/arm/5.4.1/bin/../lib/gcc/arm-none-eabi/5.4.1/../../../../arm-none-eabi/lib/armv7-m\libg_nano.a(lib_a-memset.o)
 .debug_frame   0x00004bc0       0x70 c:/program files (x86)/cypress/psoc creator/4.4/psoc creator/import/gnu/arm/5.4.1/bin/../lib/gcc/arm-none-eabi/5.4.1/../../../../arm-none-eabi/lib/armv7-m\libg_nano.a(lib_a-sprintf.o)
 .debug_frame   0x00004c30       0x44 c:/program files (x86)/cypress/psoc creator/4.4/psoc creator/import/gnu/arm/5.4.1/bin/../lib/gcc/arm-none-eabi/5.4.1/../../../../arm-none-eabi/lib/armv7-m\libg_nano.a(lib_a-utoa.o)
 .debug_frame   0x00004c74       0x90 c:/program files (x86)/cypress/psoc creator/4.4/psoc creator/import/gnu/arm/5.4.1/bin/../lib/gcc/arm-none-eabi/5.4.1/../../../../arm-none-eabi/lib/armv7-m\libg_nano.a(lib_a-nano-svfprintf.o)
 .debug_frame   0x00004d04       0x60 c:/program files (x86)/cypress/psoc creator/4.4/psoc creator/import/gnu/arm/5.4.1/bin/../lib/gcc/arm-none-eabi/5.4.1/../../../../arm-none-eabi/lib/armv7-m\libg_nano.a(lib_a-nano-vfprintf_i.o)
 .debug_frame   0x00004d64       0x28 c:/program files (x86)/cypress/psoc creator/4.4/psoc creator/import/gnu/arm/5.4.1/bin/../lib/gcc/arm-none-eabi/5.4.1/../../../../arm-none-eabi/lib/armv7-m\libg_nano.a(lib_a-memchr-stub.o)
 .debug_frame   0x00004d8c       0x28 c:/program files (x86)/cypress/psoc creator/4.4/psoc creator/import/gnu/arm/5.4.1/bin/../lib/gcc/arm-none-eabi/5.4.1/../../../../arm-none-eabi/lib/armv7-m\libg_nano.a(lib_a-memmove.o)